Archive member included to satisfy reference by file (symbol)

d:/nxp/s32ds.3.5/s32ds/build_tools/gcc_v10.2/gcc-10.2-arm32-eabi/bin/../lib/gcc/arm-none-eabi/10.2.0/../../../../arm-none-eabi/lib/thumb/v7e-m+fp/hard\libc_nano.a(lib_a-memmove.o)
                              ./RTD/src/Siul2_Port_Ip.o (memmove)
d:/nxp/s32ds.3.5/s32ds/build_tools/gcc_v10.2/gcc-10.2-arm32-eabi/bin/../lib/gcc/arm-none-eabi/10.2.0/../../../../arm-none-eabi/lib/thumb/v7e-m+fp/hard\libc_nano.a(lib_a-memset.o)
                              ./Project_Settings/Startup_Code/startup.o (memset)

Discarded input sections

 .group         0x00000000        0xc ./Project_Settings/Startup_Code/exceptions.o
 .group         0x00000000        0xc ./Project_Settings/Startup_Code/exceptions.o
 .group         0x00000000        0xc ./Project_Settings/Startup_Code/exceptions.o
 .group         0x00000000        0xc ./Project_Settings/Startup_Code/exceptions.o
 .group         0x00000000        0xc ./Project_Settings/Startup_Code/exceptions.o
 .group         0x00000000        0xc ./Project_Settings/Startup_Code/exceptions.o
 .group         0x00000000        0xc ./Project_Settings/Startup_Code/exceptions.o
 .group         0x00000000        0xc ./Project_Settings/Startup_Code/exceptions.o
 .group         0x00000000        0xc ./Project_Settings/Startup_Code/exceptions.o
 .group         0x00000000        0xc ./Project_Settings/Startup_Code/exceptions.o
 .group         0x00000000        0xc ./Project_Settings/Startup_Code/exceptions.o
 .group         0x00000000        0xc ./Project_Settings/Startup_Code/exceptions.o
 .group         0x00000000        0xc ./Project_Settings/Startup_Code/exceptions.o
 .group         0x00000000        0xc ./Project_Settings/Startup_Code/exceptions.o
 .group         0x00000000        0xc ./Project_Settings/Startup_Code/exceptions.o
 .group         0x00000000        0xc ./Project_Settings/Startup_Code/exceptions.o
 .group         0x00000000        0xc ./Project_Settings/Startup_Code/exceptions.o
 .group         0x00000000        0xc ./Project_Settings/Startup_Code/exceptions.o
 .group         0x00000000        0xc ./Project_Settings/Startup_Code/exceptions.o
 .group         0x00000000        0xc ./Project_Settings/Startup_Code/exceptions.o
 .group         0x00000000        0xc ./Project_Settings/Startup_Code/exceptions.o
 .group         0x00000000        0xc ./Project_Settings/Startup_Code/exceptions.o
 .group         0x00000000        0xc ./Project_Settings/Startup_Code/exceptions.o
 .group         0x00000000        0xc ./Project_Settings/Startup_Code/exceptions.o
 .group         0x00000000        0xc ./Project_Settings/Startup_Code/exceptions.o
 .group         0x00000000        0xc ./Project_Settings/Startup_Code/exceptions.o
 .group         0x00000000        0xc ./Project_Settings/Startup_Code/nvic.o
 .group         0x00000000        0xc ./Project_Settings/Startup_Code/nvic.o
 .group         0x00000000        0xc ./Project_Settings/Startup_Code/nvic.o
 .group         0x00000000        0xc ./Project_Settings/Startup_Code/nvic.o
 .group         0x00000000        0xc ./Project_Settings/Startup_Code/nvic.o
 .group         0x00000000        0xc ./Project_Settings/Startup_Code/nvic.o
 .group         0x00000000        0xc ./Project_Settings/Startup_Code/nvic.o
 .group         0x00000000        0xc ./Project_Settings/Startup_Code/nvic.o
 .group         0x00000000        0xc ./Project_Settings/Startup_Code/nvic.o
 .group         0x00000000        0xc ./Project_Settings/Startup_Code/nvic.o
 .group         0x00000000        0xc ./Project_Settings/Startup_Code/nvic.o
 .group         0x00000000        0xc ./Project_Settings/Startup_Code/nvic.o
 .group         0x00000000        0xc ./Project_Settings/Startup_Code/nvic.o
 .group         0x00000000        0xc ./Project_Settings/Startup_Code/nvic.o
 .group         0x00000000        0xc ./Project_Settings/Startup_Code/nvic.o
 .group         0x00000000        0xc ./Project_Settings/Startup_Code/nvic.o
 .group         0x00000000        0xc ./Project_Settings/Startup_Code/nvic.o
 .group         0x00000000        0xc ./Project_Settings/Startup_Code/nvic.o
 .group         0x00000000        0xc ./Project_Settings/Startup_Code/nvic.o
 .group         0x00000000        0xc ./Project_Settings/Startup_Code/nvic.o
 .group         0x00000000        0xc ./Project_Settings/Startup_Code/nvic.o
 .group         0x00000000        0xc ./Project_Settings/Startup_Code/nvic.o
 .group         0x00000000        0xc ./Project_Settings/Startup_Code/nvic.o
 .group         0x00000000        0xc ./Project_Settings/Startup_Code/nvic.o
 .group         0x00000000        0xc ./Project_Settings/Startup_Code/nvic.o
 .group         0x00000000        0xc ./Project_Settings/Startup_Code/nvic.o
 .group         0x00000000        0xc ./Project_Settings/Startup_Code/nvic.o
 .group         0x00000000        0xc ./Project_Settings/Startup_Code/nvic.o
 .group         0x00000000        0xc ./Project_Settings/Startup_Code/nvic.o
[...]
Memory Configuration

Name             Origin             Length             Attributes
int_pflash       0x00400000         0x003d4000
int_dflash       0x10000000         0x00020000
int_itcm         0x00000000         0x00010000
int_dtcm         0x20000000         0x0001f000
int_stack_dtcm   0x2001f000         0x00001000
int_sram         0x20400000         0x0002ff00
int_sram_fls_rsv 0x2042ff00         0x00000100
int_sram_no_cacheable 0x20430000         0x0000ff00
int_sram_results 0x2043ff00         0x00000100
int_sram_shareable 0x20440000         0x00004000
ram_rsvd2        0x20444000         0x00000000
*default*        0x00000000         0xffffffff

Linker script and memory map

LOAD ./Project_Settings/Startup_Code/Vector_Table.o
LOAD ./Project_Settings/Startup_Code/exceptions.o
LOAD ./Project_Settings/Startup_Code/nvic.o
LOAD ./Project_Settings/Startup_Code/startup.o
LOAD ./Project_Settings/Startup_Code/startup_cm7.o
LOAD ./Project_Settings/Startup_Code/system.o
LOAD ./RTD/src/Clock_Ip.o
LOAD ./RTD/src/Clock_Ip_Data.o
LOAD ./RTD/src/Clock_Ip_Divider.o
LOAD ./RTD/src/Clock_Ip_DividerTrigger.o
LOAD ./RTD/src/Clock_Ip_ExtOsc.o
LOAD ./RTD/src/Clock_Ip_FracDiv.o
LOAD ./RTD/src/Clock_Ip_Frequency.o
LOAD ./RTD/src/Clock_Ip_Gate.o
LOAD ./RTD/src/Clock_Ip_IntOsc.o
LOAD ./RTD/src/Clock_Ip_Irq.o
LOAD ./RTD/src/Clock_Ip_Monitor.o
LOAD ./RTD/src/Clock_Ip_Pll.o
LOAD ./RTD/src/Clock_Ip_ProgFreqSwitch.o
LOAD ./RTD/src/Clock_Ip_Selector.o
LOAD ./RTD/src/Clock_Ip_Specific.o
LOAD ./RTD/src/Det.o
LOAD ./RTD/src/Det_stub.o
LOAD ./RTD/src/Igf_Port_Ip.o
LOAD ./RTD/src/IntCtrl_Ip.o
LOAD ./RTD/src/OsIf_Interrupts.o
LOAD ./RTD/src/OsIf_Timer.o
LOAD ./RTD/src/OsIf_Timer_System.o
LOAD ./RTD/src/OsIf_Timer_System_Internal_Systick.o
LOAD ./RTD/src/SchM_Dio.o
LOAD ./RTD/src/SchM_Mcu.o
LOAD ./RTD/src/SchM_Port.o
LOAD ./RTD/src/Siul2_Dio_Ip.o
LOAD ./RTD/src/Siul2_Port_Ip.o
LOAD ./RTD/src/Tspc_Port_Ip.o
LOAD ./board/Siul2_Port_Ip_Cfg.o
LOAD ./board/Tspc_Port_Ip_Cfg.o
LOAD ./generate/src/Clock_Ip_Cfg.o
LOAD ./generate/src/Igf_Port_Ip_Cfg.o
LOAD ./generate/src/IntCtrl_Ip_Cfg.o
LOAD ./generate/src/OsIf_Cfg.o
LOAD ./src/delay.o
LOAD ./src/main.o
LOAD d:/nxp/s32ds.3.5/s32ds/build_tools/gcc_v10.2/gcc-10.2-arm32-eabi/bin/../lib/gcc/arm-none-eabi/10.2.0/../../../../arm-none-eabi/lib/thumb/v7e-m+fp/hard\libc_nano.a
LOAD d:/nxp/s32ds.3.5/s32ds/build_tools/gcc_v10.2/gcc-10.2-arm32-eabi/bin/../lib/gcc/arm-none-eabi/10.2.0/../../../../arm-none-eabi/lib/thumb/v7e-m+fp/hard\libm.a
LOAD d:/nxp/s32ds.3.5/s32ds/build_tools/gcc_v10.2/gcc-10.2-arm32-eabi/bin/../lib/gcc/arm-none-eabi/10.2.0/thumb/v7e-m+fp/hard\libgcc.a
START GROUP
LOAD d:/nxp/s32ds.3.5/s32ds/build_tools/gcc_v10.2/gcc-10.2-arm32-eabi/bin/../lib/gcc/arm-none-eabi/10.2.0/thumb/v7e-m+fp/hard\libgcc.a
LOAD d:/nxp/s32ds.3.5/s32ds/build_tools/gcc_v10.2/gcc-10.2-arm32-eabi/bin/../lib/gcc/arm-none-eabi/10.2.0/../../../../arm-none-eabi/lib/thumb/v7e-m+fp/hard\libg_nano.a
LOAD d:/nxp/s32ds.3.5/s32ds/build_tools/gcc_v10.2/gcc-10.2-arm32-eabi/bin/../lib/gcc/arm-none-eabi/10.2.0/../../../../arm-none-eabi/lib/thumb/v7e-m+fp/hard\libc_nano.a
END GROUP
START GROUP
LOAD d:/nxp/s32ds.3.5/s32ds/build_tools/gcc_v10.2/gcc-10.2-arm32-eabi/bin/../lib/gcc/arm-none-eabi/10.2.0/thumb/v7e-m+fp/hard\libgcc.a
LOAD d:/nxp/s32ds.3.5/s32ds/build_tools/gcc_v10.2/gcc-10.2-arm32-eabi/bin/../lib/gcc/arm-none-eabi/10.2.0/../../../../arm-none-eabi/lib/thumb/v7e-m+fp/hard\libc_nano.a
LOAD d:/nxp/s32ds.3.5/s32ds/build_tools/gcc_v10.2/gcc-10.2-arm32-eabi/bin/../lib/gcc/arm-none-eabi/10.2.0/../../../../arm-none-eabi/lib/thumb/v7e-m+fp/hard\libnosys.a
END GROUP
START GROUP
LOAD d:/nxp/s32ds.3.5/s32ds/build_tools/gcc_v10.2/gcc-10.2-arm32-eabi/bin/../lib/gcc/arm-none-eabi/10.2.0/thumb/v7e-m+fp/hard\libgcc.a
LOAD d:/nxp/s32ds.3.5/s32ds/build_tools/gcc_v10.2/gcc-10.2-arm32-eabi/bin/../lib/gcc/arm-none-eabi/10.2.0/../../../../arm-none-eabi/lib/thumb/v7e-m+fp/hard\libc_nano.a
LOAD d:/nxp/s32ds.3.5/s32ds/build_tools/gcc_v10.2/gcc-10.2-arm32-eabi/bin/../lib/gcc/arm-none-eabi/10.2.0/../../../../arm-none-eabi/lib/thumb/v7e-m+fp/hard\libnosys.a
END GROUP
                0x00002000                HEAP_SIZE = DEFINED (__heap_size__)?__heap_size__:0x2000
                0x20407fff                __STANDBY_RAM_LIMIT_END = 0x20407fff

.pflash         0x00400000     0x7cc8
 *(.boot_header)
 .boot_header   0x00400000       0x30 ./Project_Settings/Startup_Code/startup_cm7.o
                0x00400800                . = ALIGN (0x800)
 *fill*         0x00400030      0x7d0 
                0x00400800                __text_start = .
                0x00400800                __interrupts_init_start = .
 *(.intc_vector)
 .intc_vector   0x00400800      0x408 ./Project_Settings/Startup_Code/Vector_Table.o
                0x00400800                VTABLE
                0x00400c08                . = ALIGN (0x4)
                0x00400c08                __interrupts_init_end = .
 *(.core_loop)
 .core_loop     0x00400c08        0xc ./Project_Settings/Startup_Code/startup_cm7.o
                0x00400c08                _core_loop
                0x00400c14                . = ALIGN (0x4)
 *(.startup)
 *fill*         0x00400c14        0xc 
 .startup       0x00400c20      0x1dc ./Project_Settings/Startup_Code/startup_cm7.o
                0x00400c20                Reset_Handler
                0x00400c20                _start
                0x00400d8c                MCAL_LTB_TRACE_OFF
                0x00400d8e                _end_of_eunit_test
                0x00400dfc                . = ALIGN (0x4)
 *(.systeminit)
                0x00400dfc                . = ALIGN (0x4)
 *(.text.startup)
 .text.startup  0x00400dfc       0x7c ./src/main.o
                0x00400dfc                main
                0x00400e78                . = ALIGN (0x4)
 *(.text)
 .text          0x00400e78        0x0 ./Project_Settings/Startup_Code/Vector_Table.o
 .text          0x00400e78        0x0 ./Project_Settings/Startup_Code/exceptions.o
 .text          0x00400e78        0x0 ./Project_Settings/Startup_Code/nvic.o
 .text          0x00400e78        0x0 ./Project_Settings/Startup_Code/startup.o
 .text          0x00400e78        0x0 ./Project_Settings/Startup_Code/startup_cm7.o
 .text          0x00400e78       0x10 ./Project_Settings/Startup_Code/system.o
                0x00400e78                Sys_GetCoreID
 .text          0x00400e88        0x0 ./RTD/src/Clock_Ip.o
 .text          0x00400e88        0x0 ./RTD/src/Clock_Ip_Data.o
 .text          0x00400e88        0x0 ./RTD/src/Clock_Ip_Divider.o
 .text          0x00400e88        0x0 ./RTD/src/Clock_Ip_DividerTrigger.o
 .text          0x00400e88        0x0 ./RTD/src/Clock_Ip_ExtOsc.o
 .text          0x00400e88        0x0 ./RTD/src/Clock_Ip_FracDiv.o
 .text          0x00400e88        0x0 ./RTD/src/Clock_Ip_Frequency.o
 .text          0x00400e88        0x0 ./RTD/src/Clock_Ip_Gate.o
 .text          0x00400e88        0x0 ./RTD/src/Clock_Ip_IntOsc.o
 .text          0x00400e88        0x0 ./RTD/src/Clock_Ip_Irq.o
 .text          0x00400e88        0x0 ./RTD/src/Clock_Ip_Monitor.o
 .text          0x00400e88        0x0 ./RTD/src/Clock_Ip_Pll.o
 .text          0x00400e88        0x0 ./RTD/src/Clock_Ip_ProgFreqSwitch.o
 .text          0x00400e88        0x0 ./RTD/src/Clock_Ip_Selector.o
 .text          0x00400e88        0x0 ./RTD/src/Clock_Ip_Specific.o
 .text          0x00400e88        0x0 ./RTD/src/Det.o
 .text          0x00400e88        0x0 ./RTD/src/Det_stub.o
 .text          0x00400e88        0x0 ./RTD/src/Igf_Port_Ip.o
 .text          0x00400e88       0x14 ./RTD/src/IntCtrl_Ip.o
 .text          0x00400e9c        0x0 ./RTD/src/OsIf_Interrupts.o
 .text          0x00400e9c        0x0 ./RTD/src/OsIf_Timer.o
 .text          0x00400e9c        0x0 ./RTD/src/OsIf_Timer_System.o
 .text          0x00400e9c        0x0 ./RTD/src/OsIf_Timer_System_Internal_Systick.o
 .text          0x00400e9c        0x6 ./RTD/src/SchM_Dio.o
                0x00400e9c                Dio_schm_read_msr
 .text          0x00400ea2        0x6 ./RTD/src/SchM_Mcu.o
                0x00400ea2                Mcu_schm_read_msr
 .text          0x00400ea8        0x6 ./RTD/src/SchM_Port.o
                0x00400ea8                Port_schm_read_msr
 .text          0x00400eae       0x14 ./RTD/src/Siul2_Dio_Ip.o
 .text          0x00400ec2       0x14 ./RTD/src/Siul2_Port_Ip.o
 .text          0x00400ed6        0x0 ./RTD/src/Tspc_Port_Ip.o
 .text          0x00400ed6        0x0 ./board/Siul2_Port_Ip_Cfg.o
 .text          0x00400ed6        0x0 ./board/Tspc_Port_Ip_Cfg.o
 .text          0x00400ed6        0x0 ./generate/src/Clock_Ip_Cfg.o
 .text          0x00400ed6        0x0 ./generate/src/Igf_Port_Ip_Cfg.o
 .text          0x00400ed6        0x0 ./generate/src/IntCtrl_Ip_Cfg.o
 .text          0x00400ed6        0x0 ./generate/src/OsIf_Cfg.o
 *fill*         0x00400ed6        0x2 
 .text          0x00400ed8       0x88 ./src/delay.o
                0x00400ed8                SysTick_Init
                0x00400eea                SysTick_Enable
                0x00400ef4                SysTick_Disable
                0x00400efe                delay_us
                0x00400f2c                delay_ms
                0x00400f44                delay_init
                0x00400f5c                SysTick_Handler
 .text          0x00400f60        0x0 ./src/main.o
 .text          0x00400f60        0x0 d:/nxp/s32ds.3.5/s32ds/build_tools/gcc_v10.2/gcc-10.2-arm32-eabi/bin/../lib/gcc/arm-none-eabi/10.2.0/../../../../arm-none-eabi/lib/thumb/v7e-m+fp/hard\libc_nano.a(lib_a-memmove.o)
 .text          0x00400f60        0x0 d:/nxp/s32ds.3.5/s32ds/build_tools/gcc_v10.2/gcc-10.2-arm32-eabi/bin/../lib/gcc/arm-none-eabi/10.2.0/../../../../arm-none-eabi/lib/thumb/v7e-m+fp/hard\libc_nano.a(lib_a-memset.o)
 *(.text*)
 .text.memmove  0x00400f60       0x34 d:/nxp/s32ds.3.5/s32ds/build_tools/gcc_v10.2/gcc-10.2-arm32-eabi/bin/../lib/gcc/arm-none-eabi/10.2.0/../../../../arm-none-eabi/lib/thumb/v7e-m+fp/hard\libc_nano.a(lib_a-memmove.o)
                0x00400f60                memmove
 .text.memset   0x00400f94       0x10 d:/nxp/s32ds.3.5/s32ds/build_tools/gcc_v10.2/gcc-10.2-arm32-eabi/bin/../lib/gcc/arm-none-eabi/10.2.0/../../../../arm-none-eabi/lib/thumb/v7e-m+fp/hard\libc_nano.a(lib_a-memset.o)
                0x00400f94                memset
                0x00400fa4                . = ALIGN (0x4)
 *(.mcal_text)
 .mcal_text     0x00400fa4       0x14 ./Project_Settings/Startup_Code/exceptions.o
                0x00400fa4                NMI_Handler
                0x00400fa6                HardFault_Handler
                0x00400fa8                MemManage_Handler
                0x00400faa                BusFault_Handler
                0x00400fac                UsageFault_Handler
                0x00400fae                SVC_Handler
                0x00400fb0                DebugMon_Handler
                0x00400fb2                PendSV_Handler
                0x00400fb6                undefined_handler
 .mcal_text     0x00400fb8       0x52 ./Project_Settings/Startup_Code/nvic.o
                0x00400fb8                NVIC_SetPriorityGrouping
                0x00400fcc                NVIC_EnableIRQ
                0x00400fe4                NVIC_DisableIRQ
                0x00400ffc                NVIC_SetPriority
 *fill*         0x0040100a        0x2 
 .mcal_text     0x0040100c       0xe8 ./Project_Settings/Startup_Code/startup.o
                0x0040100c                init_data_bss
                0x00401098                init_data_bss_core2
 .mcal_text     0x004010f4      0x2ec ./Project_Settings/Startup_Code/system.o
                0x004010f4                startup_go_to_user_mode
                0x004010f6                default_interrupt_routine
                0x004010f8                SystemInit
 .mcal_text     0x004013e0      0x890 ./RTD/src/Clock_Ip.o
                0x004013e2                Clock_Ip_InitClock
                0x00401990                Clock_Ip_GetPllStatus
                0x00401a34                Clock_Ip_DistributePll
                0x00401b20                Clock_Ip_Init
                0x00401b44                Clock_Ip_DisableClockMonitor
                0x00401b68                Clock_Ip_InstallNotificationsCallback
                0x00401b74                Clock_Ip_DisableModuleClock
                0x00401b9c                Clock_Ip_EnableModuleClock
                0x00401bc4                Clock_Ip_GetClockFrequency
                0x00401bc8                Clock_Ip_DisableFircInStandby
                0x00401be0                Clock_Ip_EnableFircInStandby
                0x00401bf8                Clock_Ip_DisableSircInStandby
                0x00401c10                Clock_Ip_EnableSircInStandby
                0x00401c28                Clock_Ip_ReportClockErrors
                0x00401c34                Clock_Ip_StartTimeout
                0x00401c54                Clock_Ip_TimeoutExpired
 .mcal_text     0x00401c70      0x120 ./RTD/src/Clock_Ip_Divider.o
 .mcal_text     0x00401d90       0x9c ./RTD/src/Clock_Ip_DividerTrigger.o
 .mcal_text     0x00401e2c      0x1dc ./RTD/src/Clock_Ip_ExtOsc.o
 .mcal_text     0x00402008        0x6 ./RTD/src/Clock_Ip_FracDiv.o
 *fill*         0x0040200e        0x2 
 .mcal_text     0x00402010     0x15b4 ./RTD/src/Clock_Ip_Frequency.o
                0x00403538                Clock_Ip_Get_RTC_CLK_Frequency_TrustedCall
                0x00403578                Clock_Ip_SetExternalOscillatorFrequency
                0x00403594                Clock_Ip_GetFreq
                0x004035a0                Clock_Ip_SetExternalSignalFrequency
 .mcal_text     0x004035c4      0x128 ./RTD/src/Clock_Ip_Gate.o
 .mcal_text     0x004036ec      0x104 ./RTD/src/Clock_Ip_IntOsc.o
 .mcal_text     0x004037f0        0x4 ./RTD/src/Clock_Ip_Irq.o
                0x004037f0                Mcu_Cmu_ClockFail_IRQHandler
 .mcal_text     0x004037f4      0x204 ./RTD/src/Clock_Ip_Monitor.o
                0x004039a0                Clock_Ip_CMU_GetInterruptStatus
                0x004039b4                Clock_Ip_CMU_ClockFailInt
 .mcal_text     0x004039f8      0x17c ./RTD/src/Clock_Ip_Pll.o
 .mcal_text     0x00403b74      0x154 ./RTD/src/Clock_Ip_ProgFreqSwitch.o
 .mcal_text     0x00403cc8      0x3dc ./RTD/src/Clock_Ip_Selector.o
                0x00404078                Clock_Ip_SetRtcRtccClksel_TrustedCall
 .mcal_text     0x004040a4      0x2c8 ./RTD/src/Clock_Ip_Specific.o
                0x004040a4                Clock_Ip_McMeEnterKey
                0x004040b8                Clock_Ip_PowerClockIpModules
                0x004042b8                DisableFircInStandbyMode
                0x004042c8                EnableFircInStandbyMode
                0x004042e4                DisableSircInStandbyMode
                0x004042f4                EnableSircInStandbyMode
                0x00404310                Clock_Ip_Command
                0x00404360                Clock_Ip_FLASH_SetFlashIWS
                0x00404364                Clock_Ip_SetFlashWaitStates
                0x00404368                Clock_Ip_SetRamWaitStates
 .mcal_text     0x0040436c       0xa4 ./RTD/src/Det.o
                0x0040436c                Det_Init
                0x0040436e                Det_ReportError
                0x004043a4                Det_ReportRuntimeError
                0x004043d8                Det_ReportTransientFault
                0x0040440c                Det_Start
 .mcal_text     0x00404410      0x21c ./RTD/src/Det_stub.o
                0x00404410                Det_TestLastReportError
                0x00404478                Det_TestLastReportRuntimeError
                0x004044e0                Det_TestLastReportTransientFault
                0x00404548                Det_TestNoError
                0x00404594                Det_TestNoRuntimeError
                0x004045e0                Det_TestNoTransientFault
 .mcal_text     0x0040462c      0x360 ./RTD/src/IntCtrl_Ip.o
                0x0040462c                IntCtrl_Ip_InstallHandlerPrivileged
                0x0040467c                IntCtrl_Ip_EnableIrqPrivileged
                0x004046ac                IntCtrl_Ip_DisableIrqPrivileged
                0x004046dc                IntCtrl_Ip_SetPriorityPrivileged
                0x00404710                IntCtrl_Ip_GetPriorityPrivileged
                0x00404734                IntCtrl_Ip_ClearPendingPrivileged
                0x00404764                IntCtrl_Ip_SetPendingPrivileged
                0x00404794                IntCtrl_Ip_GetPendingPrivileged
                0x004047c4                IntCtrl_Ip_GetActivePrivileged
                0x004047f4                IntCtrl_Ip_ClearDirectedCpuInterruptPrivileged
                0x00404828                IntCtrl_Ip_GetDirectedCpuInterruptPrivileged
                0x00404860                IntCtrl_Ip_GenerateDirectedCpuInterruptPrivileged
                0x004048d0                IntCtrl_Ip_Init
                0x0040493c                IntCtrl_Ip_InstallHandler
                0x00404940                IntCtrl_Ip_EnableIrq
                0x00404944                IntCtrl_Ip_DisableIrq
                0x00404948                IntCtrl_Ip_SetPriority
                0x0040494c                IntCtrl_Ip_GetPriority
                0x00404950                IntCtrl_Ip_ClearPending
                0x00404954                IntCtrl_Ip_SetPending
                0x00404958                IntCtrl_Ip_GetPending
                0x00404966                IntCtrl_Ip_GetActive
                0x00404974                IntCtrl_Ip_ClearDirectedCpuInterrupt
                0x00404978                IntCtrl_Ip_GetDirectedCpuInterrupt
                0x00404986                IntCtrl_Ip_GenerateDirectedCpuInterrupt
 .mcal_text     0x0040498c       0x1e ./RTD/src/OsIf_Timer.o
                0x0040498c                OsIf_Init
                0x00404994                OsIf_GetCounter
                0x00404998                OsIf_GetElapsed
                0x004049a0                OsIf_SetTimerFrequency
                0x004049a2                OsIf_MicrosToTicks
 .mcal_text     0x004049aa       0x42 ./RTD/src/OsIf_Timer_System_Internal_Systick.o
                0x004049aa                OsIf_Timer_System_Internal_Init
                0x004049c0                OsIf_Timer_System_Internal_GetCounter
                0x004049cc                OsIf_Timer_System_Internal_GetElapsed
 .mcal_text     0x004049ec       0xc8 ./RTD/src/SchM_Dio.o
                0x004049ec                SchM_Enter_Dio_DIO_EXCLUSIVE_AREA_00
                0x00404a20                SchM_Exit_Dio_DIO_EXCLUSIVE_AREA_00
                0x00404a50                SchM_Enter_Dio_DIO_EXCLUSIVE_AREA_01
                0x00404a84                SchM_Exit_Dio_DIO_EXCLUSIVE_AREA_01
 .mcal_text     0x00404ab4      0x12c ./RTD/src/SchM_Mcu.o
                0x00404ab4                SchM_Enter_Mcu_MCU_EXCLUSIVE_AREA_00
                0x00404ae8                SchM_Exit_Mcu_MCU_EXCLUSIVE_AREA_00
                0x00404b18                SchM_Enter_Mcu_MCU_EXCLUSIVE_AREA_01
                0x00404b4c                SchM_Exit_Mcu_MCU_EXCLUSIVE_AREA_01
                0x00404b7c                SchM_Enter_Mcu_MCU_EXCLUSIVE_AREA_02
                0x00404bb0                SchM_Exit_Mcu_MCU_EXCLUSIVE_AREA_02
 .mcal_text     0x00404be0      0xaf0 ./RTD/src/SchM_Port.o
                0x00404be0                SchM_Enter_Port_PORT_EXCLUSIVE_AREA_00
                0x00404c14                SchM_Exit_Port_PORT_EXCLUSIVE_AREA_00
                0x00404c44                SchM_Enter_Port_PORT_EXCLUSIVE_AREA_01
                0x00404c78                SchM_Exit_Port_PORT_EXCLUSIVE_AREA_01
                0x00404ca8                SchM_Enter_Port_PORT_EXCLUSIVE_AREA_02
                0x00404cdc                SchM_Exit_Port_PORT_EXCLUSIVE_AREA_02
                0x00404d0c                SchM_Enter_Port_PORT_EXCLUSIVE_AREA_03
                0x00404d40                SchM_Exit_Port_PORT_EXCLUSIVE_AREA_03
                0x00404d70                SchM_Enter_Port_PORT_EXCLUSIVE_AREA_04
                0x00404da4                SchM_Exit_Port_PORT_EXCLUSIVE_AREA_04
                0x00404dd4                SchM_Enter_Port_PORT_EXCLUSIVE_AREA_05
                0x00404e08                SchM_Exit_Port_PORT_EXCLUSIVE_AREA_05
                0x00404e38                SchM_Enter_Port_PORT_EXCLUSIVE_AREA_06
                0x00404e6c                SchM_Exit_Port_PORT_EXCLUSIVE_AREA_06
                0x00404e9c                SchM_Enter_Port_PORT_EXCLUSIVE_AREA_07
                0x00404ed0                SchM_Exit_Port_PORT_EXCLUSIVE_AREA_07
                0x00404f00                SchM_Enter_Port_PORT_EXCLUSIVE_AREA_08
                0x00404f34                SchM_Exit_Port_PORT_EXCLUSIVE_AREA_08
                0x00404f64                SchM_Enter_Port_PORT_EXCLUSIVE_AREA_09
                0x00404f98                SchM_Exit_Port_PORT_EXCLUSIVE_AREA_09
                0x00404fc8                SchM_Enter_Port_PORT_EXCLUSIVE_AREA_10
                0x00404ffc                SchM_Exit_Port_PORT_EXCLUSIVE_AREA_10
                0x0040502c                SchM_Enter_Port_PORT_EXCLUSIVE_AREA_11
                0x00405060                SchM_Exit_Port_PORT_EXCLUSIVE_AREA_11
                0x00405090                SchM_Enter_Port_PORT_EXCLUSIVE_AREA_12
                0x004050c4                SchM_Exit_Port_PORT_EXCLUSIVE_AREA_12
                0x004050f4                SchM_Enter_Port_PORT_EXCLUSIVE_AREA_13
                0x00405128                SchM_Exit_Port_PORT_EXCLUSIVE_AREA_13
                0x00405158                SchM_Enter_Port_PORT_EXCLUSIVE_AREA_14
                0x0040518c                SchM_Exit_Port_PORT_EXCLUSIVE_AREA_14
                0x004051bc                SchM_Enter_Port_PORT_EXCLUSIVE_AREA_15
                0x004051f0                SchM_Exit_Port_PORT_EXCLUSIVE_AREA_15
                0x00405220                SchM_Enter_Port_PORT_EXCLUSIVE_AREA_16
                0x00405254                SchM_Exit_Port_PORT_EXCLUSIVE_AREA_16
                0x00405284                SchM_Enter_Port_PORT_EXCLUSIVE_AREA_17
                0x004052b8                SchM_Exit_Port_PORT_EXCLUSIVE_AREA_17
                0x004052e8                SchM_Enter_Port_PORT_EXCLUSIVE_AREA_18
                0x0040531c                SchM_Exit_Port_PORT_EXCLUSIVE_AREA_18
                0x0040534c                SchM_Enter_Port_PORT_EXCLUSIVE_AREA_19
                0x00405380                SchM_Exit_Port_PORT_EXCLUSIVE_AREA_19
                0x004053b0                SchM_Enter_Port_PORT_EXCLUSIVE_AREA_20
                0x004053e4                SchM_Exit_Port_PORT_EXCLUSIVE_AREA_20
                0x00405414                SchM_Enter_Port_PORT_EXCLUSIVE_AREA_21
                0x00405448                SchM_Exit_Port_PORT_EXCLUSIVE_AREA_21
                0x00405478                SchM_Enter_Port_PORT_EXCLUSIVE_AREA_22
                0x004054ac                SchM_Exit_Port_PORT_EXCLUSIVE_AREA_22
                0x004054dc                SchM_Enter_Port_PORT_EXCLUSIVE_AREA_23
                0x00405510                SchM_Exit_Port_PORT_EXCLUSIVE_AREA_23
                0x00405540                SchM_Enter_Port_PORT_EXCLUSIVE_AREA_24
                0x00405574                SchM_Exit_Port_PORT_EXCLUSIVE_AREA_24
                0x004055a4                SchM_Enter_Port_PORT_EXCLUSIVE_AREA_25
                0x004055d8                SchM_Exit_Port_PORT_EXCLUSIVE_AREA_25
                0x00405608                SchM_Enter_Port_PORT_EXCLUSIVE_AREA_26
                0x0040563c                SchM_Exit_Port_PORT_EXCLUSIVE_AREA_26
                0x0040566c                SchM_Enter_Port_PORT_EXCLUSIVE_AREA_27
                0x004056a0                SchM_Exit_Port_PORT_EXCLUSIVE_AREA_27
 .mcal_text     0x004056d0      0x190 ./RTD/src/Siul2_Dio_Ip.o
                0x00405706                Siul2_Dio_Ip_WritePin
                0x0040575a                Siul2_Dio_Ip_WritePins
                0x00405772                Siul2_Dio_Ip_GetPinsOutput
                0x0040578a                Siul2_Dio_Ip_SetPins
                0x004057a8                Siul2_Dio_Ip_ClearPins
                0x004057c8                Siul2_Dio_Ip_TogglePins
                0x004057e6                Siul2_Dio_Ip_ReadPins
                0x00405800                Siul2_Dio_Ip_ReadPin
                0x00405832                Siul2_Dio_Ip_MaskedWritePins
 .mcal_text     0x00405860      0x458 ./RTD/src/Siul2_Port_Ip.o
                0x004059b4                Siul2_Port_Ip_Init
                0x004059e4                Siul2_Port_Ip_SetPullSel
                0x00405a40                Siul2_Port_Ip_SetOutputBuffer
                0x00405aa6                Siul2_Port_Ip_SetInputBuffer
                0x00405b16                Siul2_Port_Ip_SetPinDirection
                0x00405b8e                Siul2_Port_Ip_RevertPinConfiguration
                0x00405bf0                Siul2_Port_Ip_GetPinConfiguration
 .mcal_text     0x00405cb8       0xd0 ./RTD/src/Tspc_Port_Ip.o
                0x00405cb8                Tspc_Port_Ip_EnableObeGroup
                0x00405ce8                Tspc_Port_Ip_ConfigureObeGroup
                0x00405d88                . = ALIGN (0x4)
 *(.acmcu_code_rom)
                0x00405d88                . = ALIGN (0x4)
                0x00405d88                __acfls_code_rom_start = .
 *(.acfls_code_rom)
 .acfls_code_rom
                0x00405d88       0x58 ./RTD/src/Clock_Ip_Specific.o
                0x00405d88                Clock_Ip_PRAMCSetRamIWS
 .acfls_code_rom.__stub
                0x00405de0        0x8 linker stubs
                0x00405de8                . = ALIGN (0x4)
 *(.acmem_43_INFLS_code_rom)
                0x00405de8                . = ALIGN (0x4)
                0x00405de8                __acfls_code_rom_end = .
 *(.init)
                0x00405de8                . = ALIGN (0x4)
 *(.fini)
                0x00405de8                . = ALIGN (0x4)
 *(.rodata)
 .rodata        0x00405de8        0x3 ./RTD/src/Clock_Ip_IntOsc.o
 *fill*         0x00405deb        0x1 
 .rodata        0x00405dec        0x4 ./RTD/src/Siul2_Port_Ip.o
                0x00405dec                Port_au32Siul2BaseAddr
 .rodata        0x00405df0       0x10 ./src/main.o
 *(.rodata*)
                0x00405e00                . = ALIGN (0x4)
 *(.mcal_const_cfg)
 .mcal_const_cfg
                0x00405e00      0x3ac ./board/Siul2_Port_Ip_Cfg.o
                0x00405e00                g_pin_mux_InitConfigArr0
 .mcal_const_cfg
                0x004061ac      0x5d8 ./generate/src/Clock_Ip_Cfg.o
                0x004061ac                Clock_Ip_aClockConfig
                0x00406784                . = ALIGN (0x4)
 *(.mcal_const)
 .mcal_const    0x00406784     0x10da ./RTD/src/Clock_Ip_Data.o
                0x00406784                Clock_Ip_axGateInfo
                0x00406e5c                Clock_Ip_axFeatureExtensions
                0x0040707c                Clock_Ip_aeHwDfsName
                0x00407080                Clock_Ip_aeHwPllName
                0x00407084                Clock_Ip_aeSourceTypeClockName
                0x004070dc                Clock_Ip_apxMcMeTriggerPartitions
                0x004070ec                Clock_Ip_apxMcMeGetPartitions
                0x004070fc                Clock_Ip_apxMcMeSetPartitions
                0x0040710c                Clock_Ip_axCmuInfo
                0x0040717c                Clock_Ip_aeCmuNames
                0x00407198                Clock_Ip_apxCmu
                0x004071b4                Clock_Ip_apxPll
                0x004071c4                Clock_Ip_apxXosc
                0x004071cc                Clock_Ip_apxCgmPcfs
                0x004071d0                Clock_Ip_apxCgm
                0x00407220                Clock_Ip_au16SelectorEntryRtcHardwareValue
                0x0040724c                Clock_Ip_au16SelectorEntryHardwareValue
                0x00407278                Clock_Ip_au8SoftwareMuxResetValue
                0x00407306                Clock_Ip_au8ClockFeatures
                0x00407804                Clock_Ip_au8CmuCallbackIndex
                0x0040780d                Clock_Ip_au8PcfsCallbackIndex
                0x00407816                Clock_Ip_au8SelectorCallbackIndex
                0x0040781f                Clock_Ip_au8PllCallbackIndex
                0x00407828                Clock_Ip_au8FractionalDividerCallbackIndex
                0x00407831                Clock_Ip_au8GateCallbackIndex
                0x0040783a                Clock_Ip_au8IrcoscCallbackIndex
                0x00407843                Clock_Ip_au8XoscCallbackIndex
                0x0040784c                Clock_Ip_au8DividerTriggerCallbackIndex
                0x00407855                Clock_Ip_au8DividerCallbackIndex
 *fill*         0x0040785e        0x2 
 .mcal_const    0x00407860       0x10 ./RTD/src/Clock_Ip_Divider.o
                0x00407860                Clock_Ip_axDividerCallbacks
 .mcal_const    0x00407870       0x10 ./RTD/src/Clock_Ip_DividerTrigger.o
                0x00407870                Clock_Ip_axDividerTriggerCallbacks
 .mcal_const    0x00407880       0x3c ./RTD/src/Clock_Ip_ExtOsc.o
                0x00407880                Clock_Ip_axExtOscCallbacks
 .mcal_const    0x004078bc        0xc ./RTD/src/Clock_Ip_FracDiv.o
                0x004078bc                Clock_Ip_axFracDivCallbacks
 .mcal_const    0x004078c8      0x2e0 ./RTD/src/Clock_Ip_Frequency.o
 .mcal_const    0x00407ba8       0x10 ./RTD/src/Clock_Ip_Gate.o
                0x00407ba8                Clock_Ip_axGateCallbacks
 .mcal_const    0x00407bb8       0x30 ./RTD/src/Clock_Ip_IntOsc.o
                0x00407bb8                Clock_Ip_axIntOscCallbacks
 .mcal_const    0x00407be8       0x20 ./RTD/src/Clock_Ip_Monitor.o
                0x00407be8                Clock_Ip_axCmuCallbacks
 .mcal_const    0x00407c08       0x28 ./RTD/src/Clock_Ip_Pll.o
                0x00407c08                Clock_Ip_axPllCallbacks
 .mcal_const    0x00407c30        0x8 ./RTD/src/Clock_Ip_ProgFreqSwitch.o
                0x00407c30                Clock_Ip_axPcfsCallbacks
 .mcal_const    0x00407c38       0x28 ./RTD/src/Clock_Ip_Selector.o
                0x00407c38                Clock_Ip_axSelectorCallbacks
                0x00407c60                . = ALIGN (0x4)
                0x00407c60                __init_table = .
 *(.init_table)
 .init_table    0x00407c60       0x4c ./Project_Settings/Startup_Code/startup_cm7.o
                0x00407cac                . = ALIGN (0x4)
                0x00407cac                __zero_table = .
 *(.zero_table)
 .zero_table    0x00407cac       0x1c ./Project_Settings/Startup_Code/startup_cm7.o

.glue_7         0x00407cc8        0x0
 .glue_7        0x00407cc8        0x0 linker stubs

.glue_7t        0x00407cc8        0x0
 .glue_7t       0x00407cc8        0x0 linker stubs

.vfp11_veneer   0x00407cc8        0x0
 .vfp11_veneer  0x00407cc8        0x0 linker stubs

.v4_bx          0x00407cc8        0x0
 .v4_bx         0x00407cc8        0x0 linker stubs

.iplt           0x00407cc8        0x0
 .iplt          0x00407cc8        0x0 ./Project_Settings/Startup_Code/Vector_Table.o

.rel.dyn        0x00407cc8        0x0
 .rel.iplt      0x00407cc8        0x0 ./Project_Settings/Startup_Code/Vector_Table.o
                0x00407cc8                . = ALIGN (0x4)
                0x00407cc8                __text_end = .
                0x00407cc8                __sram_data_rom = __text_end

.sram_bss       0x20400000      0x148
                0x20400000                . = ALIGN (0x8)
                0x20400000                __standby_ram_begin__ = .
 *(.standby_data)
                0x20400000                . = ALIGN (0x8)
                0x20400000                __standby_ram_end__ = .
                0x20400000                . = ALIGN (0x10)
                0x20400000                __sram_bss_start = .
 *(.bss)
 .bss           0x20400000        0x0 ./Project_Settings/Startup_Code/Vector_Table.o
 .bss           0x20400000        0x0 ./Project_Settings/Startup_Code/exceptions.o
 .bss           0x20400000        0x0 ./Project_Settings/Startup_Code/nvic.o
 .bss           0x20400000        0x0 ./Project_Settings/Startup_Code/startup.o
 .bss           0x20400000        0x0 ./Project_Settings/Startup_Code/startup_cm7.o
 .bss           0x20400000       0x78 ./Project_Settings/Startup_Code/system.o
                0x20400000                rbar
                0x2040003c                rasr
 .bss           0x20400078        0x0 ./RTD/src/Clock_Ip.o
 .bss           0x20400078        0x0 ./RTD/src/Clock_Ip_Data.o
 .bss           0x20400078        0x0 ./RTD/src/Clock_Ip_Divider.o
 .bss           0x20400078        0x0 ./RTD/src/Clock_Ip_DividerTrigger.o
 .bss           0x20400078        0x0 ./RTD/src/Clock_Ip_ExtOsc.o
 .bss           0x20400078        0x0 ./RTD/src/Clock_Ip_FracDiv.o
 .bss           0x20400078        0x0 ./RTD/src/Clock_Ip_Frequency.o
 .bss           0x20400078        0x0 ./RTD/src/Clock_Ip_Gate.o
 .bss           0x20400078        0x0 ./RTD/src/Clock_Ip_IntOsc.o
 .bss           0x20400078        0x0 ./RTD/src/Clock_Ip_Irq.o
 .bss           0x20400078        0x0 ./RTD/src/Clock_Ip_Monitor.o
 .bss           0x20400078        0x0 ./RTD/src/Clock_Ip_Pll.o
 .bss           0x20400078        0x0 ./RTD/src/Clock_Ip_ProgFreqSwitch.o
 .bss           0x20400078        0x0 ./RTD/src/Clock_Ip_Selector.o
 .bss           0x20400078        0x0 ./RTD/src/Clock_Ip_Specific.o
 .bss           0x20400078        0x0 ./RTD/src/Det.o
 .bss           0x20400078        0x0 ./RTD/src/Det_stub.o
 .bss           0x20400078        0x0 ./RTD/src/Igf_Port_Ip.o
 .bss           0x20400078        0x0 ./RTD/src/IntCtrl_Ip.o
 .bss           0x20400078        0x0 ./RTD/src/OsIf_Interrupts.o
 .bss           0x20400078        0x0 ./RTD/src/OsIf_Timer.o
 .bss           0x20400078        0x0 ./RTD/src/OsIf_Timer_System.o
 .bss           0x20400078        0x0 ./RTD/src/OsIf_Timer_System_Internal_Systick.o
 .bss           0x20400078        0x0 ./RTD/src/SchM_Dio.o
 .bss           0x20400078        0x0 ./RTD/src/SchM_Mcu.o
 .bss           0x20400078        0x0 ./RTD/src/SchM_Port.o
 .bss           0x20400078        0x0 ./RTD/src/Siul2_Dio_Ip.o
 .bss           0x20400078        0x0 ./RTD/src/Siul2_Port_Ip.o
 .bss           0x20400078        0x0 ./RTD/src/Tspc_Port_Ip.o
 .bss           0x20400078        0x0 ./board/Siul2_Port_Ip_Cfg.o
 .bss           0x20400078        0x0 ./board/Tspc_Port_Ip_Cfg.o
 .bss           0x20400078        0x0 ./generate/src/Clock_Ip_Cfg.o
 .bss           0x20400078        0x0 ./generate/src/Igf_Port_Ip_Cfg.o
 .bss           0x20400078        0x0 ./generate/src/IntCtrl_Ip_Cfg.o
 .bss           0x20400078        0x0 ./generate/src/OsIf_Cfg.o
 .bss           0x20400078        0x4 ./src/delay.o
 .bss           0x2040007c        0x4 ./src/main.o
                0x2040007c                exit_code
 .bss           0x20400080        0x0 d:/nxp/s32ds.3.5/s32ds/build_tools/gcc_v10.2/gcc-10.2-arm32-eabi/bin/../lib/gcc/arm-none-eabi/10.2.0/../../../../arm-none-eabi/lib/thumb/v7e-m+fp/hard\libc_nano.a(lib_a-memmove.o)
 .bss           0x20400080        0x0 d:/nxp/s32ds.3.5/s32ds/build_tools/gcc_v10.2/gcc-10.2-arm32-eabi/bin/../lib/gcc/arm-none-eabi/10.2.0/../../../../arm-none-eabi/lib/thumb/v7e-m+fp/hard\libc_nano.a(lib_a-memset.o)
 *(.bss*)
                0x20400080                . = ALIGN (0x10)
 *(.mcal_bss)
 .mcal_bss      0x20400080        0x4 ./Project_Settings/Startup_Code/system.o
                0x20400080                RESET_CATCH_CORE
 .mcal_bss      0x20400084       0x99 ./RTD/src/Clock_Ip.o
                0x20400088                Clock_Ip_FreqIds
                0x20400118                Clock_Ip_pxConfig
 *fill*         0x2040011d        0x3 
 .mcal_bss      0x20400120       0x10 ./RTD/src/Clock_Ip_Monitor.o
 .mcal_bss      0x20400130        0x4 ./RTD/src/Clock_Ip_ProgFreqSwitch.o
 .mcal_bss      0x20400134        0xc ./RTD/src/Clock_Ip_Specific.o
 .mcal_bss      0x20400140        0x8 ./RTD/src/Siul2_Port_Ip.o
                0x20400148                . = ALIGN (0x4)
                0x20400148                __sram_bss_end = .

.sram_data      0x20400148       0xc8 load address 0x00407cc8
                0x20400148                . = ALIGN (0x4)
                0x20400148                __sram_data_begin__ = .
                0x20400148                . = ALIGN (0x4)
 *(.ramcode)
 .ramcode       0x20400148       0x90 ./RTD/src/Clock_Ip_Specific.o
                0x204001d8                . = ALIGN (0x4)
 *(.data)
 .data          0x204001d8        0x0 ./Project_Settings/Startup_Code/Vector_Table.o
 .data          0x204001d8        0x0 ./Project_Settings/Startup_Code/exceptions.o
 .data          0x204001d8        0x0 ./Project_Settings/Startup_Code/nvic.o
 .data          0x204001d8        0x0 ./Project_Settings/Startup_Code/startup.o
 .data          0x204001d8        0x0 ./Project_Settings/Startup_Code/startup_cm7.o
 .data          0x204001d8        0x0 ./Project_Settings/Startup_Code/system.o
 .data          0x204001d8        0x4 ./RTD/src/Clock_Ip.o
 .data          0x204001dc        0x0 ./RTD/src/Clock_Ip_Data.o
 .data          0x204001dc        0x0 ./RTD/src/Clock_Ip_Divider.o
 .data          0x204001dc        0x0 ./RTD/src/Clock_Ip_DividerTrigger.o
 .data          0x204001dc        0x0 ./RTD/src/Clock_Ip_ExtOsc.o
 .data          0x204001dc        0x0 ./RTD/src/Clock_Ip_FracDiv.o
 .data          0x204001dc        0x0 ./RTD/src/Clock_Ip_Frequency.o
 .data          0x204001dc        0x0 ./RTD/src/Clock_Ip_Gate.o
 .data          0x204001dc        0x0 ./RTD/src/Clock_Ip_IntOsc.o
 .data          0x204001dc        0x0 ./RTD/src/Clock_Ip_Irq.o
 .data          0x204001dc        0x0 ./RTD/src/Clock_Ip_Monitor.o
 .data          0x204001dc        0x0 ./RTD/src/Clock_Ip_Pll.o
 .data          0x204001dc        0x0 ./RTD/src/Clock_Ip_ProgFreqSwitch.o
 .data          0x204001dc        0x0 ./RTD/src/Clock_Ip_Selector.o
 .data          0x204001dc        0x0 ./RTD/src/Clock_Ip_Specific.o
 .data          0x204001dc        0x0 ./RTD/src/Det.o
 .data          0x204001dc        0x0 ./RTD/src/Det_stub.o
 .data          0x204001dc        0x0 ./RTD/src/Igf_Port_Ip.o
 .data          0x204001dc        0x0 ./RTD/src/IntCtrl_Ip.o
 .data          0x204001dc        0x0 ./RTD/src/OsIf_Interrupts.o
 .data          0x204001dc        0x0 ./RTD/src/OsIf_Timer.o
 .data          0x204001dc        0x0 ./RTD/src/OsIf_Timer_System.o
 .data          0x204001dc        0x0 ./RTD/src/OsIf_Timer_System_Internal_Systick.o
 .data          0x204001dc        0x0 ./RTD/src/SchM_Dio.o
 .data          0x204001dc        0x0 ./RTD/src/SchM_Mcu.o
 .data          0x204001dc        0x0 ./RTD/src/SchM_Port.o
 .data          0x204001dc        0x0 ./RTD/src/Siul2_Dio_Ip.o
 .data          0x204001dc        0x0 ./RTD/src/Siul2_Port_Ip.o
 .data          0x204001dc        0x0 ./RTD/src/Tspc_Port_Ip.o
 .data          0x204001dc        0x0 ./board/Siul2_Port_Ip_Cfg.o
 .data          0x204001dc        0x0 ./board/Tspc_Port_Ip_Cfg.o
 .data          0x204001dc        0x0 ./generate/src/Clock_Ip_Cfg.o
 .data          0x204001dc        0x0 ./generate/src/Igf_Port_Ip_Cfg.o
 .data          0x204001dc        0x0 ./generate/src/IntCtrl_Ip_Cfg.o
 .data          0x204001dc        0x0 ./generate/src/OsIf_Cfg.o
 .data          0x204001dc        0x0 ./src/delay.o
 .data          0x204001dc        0x0 ./src/main.o
 .data          0x204001dc        0x0 d:/nxp/s32ds.3.5/s32ds/build_tools/gcc_v10.2/gcc-10.2-arm32-eabi/bin/../lib/gcc/arm-none-eabi/10.2.0/../../../../arm-none-eabi/lib/thumb/v7e-m+fp/hard\libc_nano.a(lib_a-memmove.o)
 .data          0x204001dc        0x0 d:/nxp/s32ds.3.5/s32ds/build_tools/gcc_v10.2/gcc-10.2-arm32-eabi/bin/../lib/gcc/arm-none-eabi/10.2.0/../../../../arm-none-eabi/lib/thumb/v7e-m+fp/hard\libc_nano.a(lib_a-memset.o)
 *(.data*)
                0x204001dc                . = ALIGN (0x4)
 *(.mcal_data)
 .mcal_data     0x204001dc       0x30 ./RTD/src/Clock_Ip_Frequency.o
 .mcal_data     0x2040020c        0x4 ./RTD/src/Siul2_Dio_Ip.o
                0x2040020c                Siul2_Dio_Ip_au32BaseAdresses
                0x20400210                . = ALIGN (0x4)
                0x20400210                __sram_data_end__ = .
                0x00407d90                __sram_data_rom_end = (__sram_data_rom + (__sram_data_end__ - __sram_data_begin__))

.heap           0x20400210     0x2000 load address 0x00407d90
                0x00000000                . = (. + ALIGN (0x4))
                0x20400210                _end = .
                0x20400210                end = .
                0x20400210                _heap_start = .
                0x00002000                . = (. + HEAP_SIZE)
 *fill*         0x20400210     0x2000 
                0x20402210                _heap_end = .

.acfls_code_ram
                0x2042ff00        0x0
                0x2042ff00                acfls_code_ram_start = .
 *(.acfls_code_ram)
                0x2042ff00                acfls_code_ram_stop = .
                0x00407d90                __non_cacheable_data_rom = __sram_data_rom_end

.non_cacheable_data
                0x20430000        0x4 load address 0x00407d90
                0x20430000                . = ALIGN (0x4)
                0x20430000                __non_cacheable_data_start__ = .
 *(.mcal_data_no_cacheable)
                0x20430000                . = ALIGN (0x4)
 *(.mcal_const_no_cacheable)
                0x20430000                . = ALIGN (0x4)
                0x20430000                HSE_LOOP_ADDR = .
                0x20430000        0x4 LONG 0x0
                0x20430004                __non_cacheable_data_end__ = .
                0x00407d94                __non_cacheable_data_rom_end = (__non_cacheable_data_rom + (__non_cacheable_data_end__ - __non_cacheable_data_start__))

.igot.plt       0x20430004        0x0 load address 0x00407d94
 .igot.plt      0x20430004        0x0 ./Project_Settings/Startup_Code/Vector_Table.o

.non_cacheable_bss
                0x20430004      0x468 load address 0x00407d94
                0x20430010                . = ALIGN (0x10)
 *fill*         0x20430004        0xc 
                0x20430010                __non_cacheable_bss_start = .
 *(.mcal_bss_no_cacheable)
 .mcal_bss_no_cacheable
                0x20430010       0x3c ./RTD/src/Det.o
                0x20430010                Det_TransientModuleId
                0x20430018                Det_ApiId
                0x2043001c                Det_TransientInstanceId
                0x20430020                Det_ErrorId
                0x20430024                Det_TransientApiId
                0x20430028                Det_RuntimeModuleId
                0x20430030                Det_TransientFaultId
                0x20430034                Det_RuntimeInstanceId
                0x20430038                Det_RuntimeApiId
                0x2043003c                Det_ModuleId
                0x20430044                Det_RuntimeErrorId
                0x20430048                Det_InstanceId
 .mcal_bss_no_cacheable
                0x2043004c       0x40 ./RTD/src/SchM_Dio.o
 .mcal_bss_no_cacheable
                0x2043008c       0x60 ./RTD/src/SchM_Mcu.o
 .mcal_bss_no_cacheable
                0x204300ec      0x380 ./RTD/src/SchM_Port.o
                0x2043046c                . = ALIGN (0x4)
                0x2043046c                __non_cacheable_bss_end = .

.int_results    0x2043ff00      0x100
                0x2043ff00                . = ALIGN (0x4)
 *(.int_results)
                0x20440000                . = (. + 0x100)
 *fill*         0x2043ff00      0x100 
                0x00407d94                __shareable_data_rom = __non_cacheable_data_rom_end

.shareable_data
                0x20440000        0x0 load address 0x00407d94
                0x20440000                . = ALIGN (0x4)
                0x20440000                __shareable_data_start__ = .
 *(.mcal_shared_data)
                0x20440000                . = ALIGN (0x4)
                0x20440000                __shareable_data_end__ = .
                0x00407d94                __shareable_data_rom_end = (__shareable_data_rom + (__shareable_data_end__ - __shareable_data_start__))

.int_vector     0x20000000      0x408
                0x20000000                . = ALIGN (0x800)
                0x20000000                __interrupts_ram_start = .
                0x20000408                . = (. + (__interrupts_init_end - __interrupts_init_start))
 *fill*         0x20000000      0x408 
                0x20000408                . = ALIGN (0x4)
                0x20000408                __interrupts_ram_end = .
                0x00407d94                __tcm_data_rom = __shareable_data_rom_end

.data_tcm_data  0x20000408        0x0 load address 0x00407d94
                0x20000408                . = ALIGN (0x4)
                0x20000408                __dtcm_data_start__ = .
 *(.dtcm_data*)
                0x20000408                . = ALIGN (0x4)
                0x20000408                __dtcm_data_end__ = .
                0x00407d94                __tcm_data_rom_end = (__tcm_data_rom + (__dtcm_data_end__ - __dtcm_data_start__))

.bss_tcm_data   0x20000408        0x0
                0x20000408                . = ALIGN (0x4)
                0x20000408                __dtcm_bss_start__ = .
 *(.dtcm_bss*)
                0x20000408                . = ALIGN (0x4)
                0x20000408                __dtcm_bss_end__ = .
                0x00407d94                __tcm_code_rom_start = __tcm_data_rom_end

.itcm_text      0x00000000        0x0 load address 0x00407d94
                0x00000000                . = ALIGN (0x4)
                0x00000000                __itcm_start__ = .
 *(.itcm_text*)
                0x00000000                . = ALIGN (0x4)
                0x00000000                __itcm_end__ = .
                0x00407d94                __tcm_code_rom_end = (__tcm_code_rom_start + (__itcm_end__ - __itcm_start__))

.shareable_bss  0x20440000        0x0
                0x20440000                . = ALIGN (0x10)
                0x20440000                __shareable_bss_start = .
 *(.mcal_shared_bss)
                0x20440000                . = ALIGN (0x4)
                0x20440000                __shareable_bss_end = .
                0x2001f000                __Stack_dtcm_end = ORIGIN (int_stack_dtcm)
                0x20020000                __Stack_dtcm_start = (ORIGIN (int_stack_dtcm) + LENGTH (int_stack_dtcm))
                0x20400000                __INT_SRAM_START = ORIGIN (int_sram)
                0x20444000                __INT_SRAM_END = ORIGIN (ram_rsvd2)
                0x00000000                __INT_ITCM_START = ORIGIN (int_itcm)
                0x00010000                __INT_ITCM_END = (ORIGIN (int_itcm) + LENGTH (int_itcm))
                0x20000000                __INT_DTCM_START = ORIGIN (int_dtcm)
                0x20020000                __INT_DTCM_END = ((ORIGIN (int_dtcm) + LENGTH (int_dtcm)) + LENGTH (int_stack_dtcm))
                0x20440000                __RAM_SHAREABLE_START = ORIGIN (int_sram_shareable)
                0x20444000                __RAM_SHAREABLE_END = (ORIGIN (int_sram_shareable) + LENGTH (int_sram_shareable))
                0x0000000e                __RAM_SHAREABLE_SIZE = 0xe
                0x00407d94                __ROM_SHAREABLE_START = __shareable_data_rom
                0x00407d94                __ROM_SHAREABLE_END = __shareable_data_rom_end
                0x20430000                __RAM_NO_CACHEABLE_START = ORIGIN (int_sram_no_cacheable)
                0x2043ffff                __RAM_NO_CACHEABLE_END = (ORIGIN (int_sram_shareable) - 0x1)
                0x00000010                __RAM_NO_CACHEABLE_SIZE = 0x10
                0x00407d90                __ROM_NO_CACHEABLE_START = __non_cacheable_data_rom
                0x00407d94                __ROM_NO_CACHEABLE_END = __non_cacheable_data_rom_end
                0x20400148                __RAM_CACHEABLE_START = __sram_data_begin__
                0x2042ffff                __RAM_CACHEABLE_END = (ORIGIN (int_sram_no_cacheable) - 0x1)
                0x00000012                __RAM_CACHEABLE_SIZE = 0x12
                0x00407cc8                __ROM_CACHEABLE_START = __sram_data_rom
                0x00407d90                __ROM_CACHEABLE_END = __sram_data_rom_end
                0x00400000                __ROM_CODE_START = ORIGIN (int_pflash)
                0x10000000                __ROM_DATA_START = ORIGIN (int_dflash)
                0x20400000                __BSS_SRAM_START = __sram_bss_start
                0x20400148                __BSS_SRAM_END = __sram_bss_end
                0x00000148                __BSS_SRAM_SIZE = (__sram_bss_end - __sram_bss_start)
                0x20430010                __BSS_SRAM_NC_START = __non_cacheable_bss_start
                0x0000045c                __BSS_SRAM_NC_SIZE = (__non_cacheable_bss_end - __non_cacheable_bss_start)
                0x2043046c                __BSS_SRAM_NC_END = __non_cacheable_bss_end
                0x20440000                __BSS_SRAM_SH_START = __shareable_bss_start
                0x00000000                __BSS_SRAM_SH_SIZE = (__shareable_bss_end - __shareable_bss_start)
                0x20440000                __BSS_SRAM_SH_END = __shareable_bss_end
                0x20000000                __RAM_INTERRUPT_START = __interrupts_ram_start
                0x00400800                __INIT_INTERRUPT_START = __interrupts_init_start
                0x00400c08                __INIT_INTERRUPT_END = __interrupts_init_end
                0x00000000                __RAM_ITCM_START = __itcm_start__
                0x00407d94                __ROM_ITCM_START = __tcm_code_rom_start
                0x00407d94                __ROM_ITCM_END = __tcm_code_rom_end
                0x20000408                __RAM_DTCM_DATA_START = __dtcm_data_start__
                0x00407d94                __ROM_DTCM_DATA_START = __tcm_data_rom
                0x00407d94                __ROM_DTCM_END = __tcm_data_rom_end
                0x00407c60                __INIT_TABLE = __init_table
                0x00407cac                __ZERO_TABLE = __zero_table
                0x00000001                __RAM_INIT = 0x1
                0x00000001                __ITCM_INIT = 0x1
                0x00000001                __DTCM_INIT = 0x1
                0x00405d88                Fls_ACEraseRomStart = __acfls_code_rom_start
                0x00405de8                Fls_ACEraseRomEnd = __acfls_code_rom_end
                0x00000018                Fls_ACEraseSize = ((__acfls_code_rom_end - __acfls_code_rom_start) / 0x4)
                0x00405d88                Fls_ACWriteRomStart = __acfls_code_rom_start
                0x00405de8                Fls_ACWriteRomEnd = __acfls_code_rom_end
                0x00000018                Fls_ACWriteSize = ((__acfls_code_rom_end - __acfls_code_rom_start) / 0x4)
                0x2042ff00                _ERASE_FUNC_ADDRESS_ = ADDR (.acfls_code_ram)
                0x2042ff00                _WRITE_FUNC_ADDRESS_ = ADDR (.acfls_code_ram)
                0x00400800                __ENTRY_VTABLE = __INIT_INTERRUPT_START
                0x00400800                __CORE0_VTOR = __INIT_INTERRUPT_START
                0x00400800                __CORE1_VTOR = __INIT_INTERRUPT_START
                0x00400800                __CORE2_VTOR = __INIT_INTERRUPT_START
                0x00000003                __INDEX_COPY_CORE2 = 0x3
                0x00000001                ASSERT ((__standby_ram_end__ <= __STANDBY_RAM_LIMIT_END), Memory for standby ram overflow)
OUTPUT(test_4_9.elf elf32-littlearm)
LOAD linker stubs

.ARM.attributes
                0x00000000       0x30
 .ARM.attributes
                0x00000000       0x20 ./Project_Settings/Startup_Code/Vector_Table.o
 .ARM.attributes
                0x00000020       0x34 ./Project_Settings/Startup_Code/exceptions.o
 .ARM.attributes
                0x00000054       0x34 ./Project_Settings/Startup_Code/nvic.o
 .ARM.attributes
                0x00000088       0x34 ./Project_Settings/Startup_Code/startup.o
 .ARM.attributes
                0x000000bc       0x1f ./Project_Settings/Startup_Code/startup_cm7.o
 .ARM.attributes
                0x000000db       0x34 ./Project_Settings/Startup_Code/system.o
 .ARM.attributes
                0x0000010f       0x34 ./RTD/src/Clock_Ip.o
 .ARM.attributes
                0x00000143       0x39 ./RTD/src/Clock_Ip_Data.o
 .ARM.attributes
                0x0000017c       0x34 ./RTD/src/Clock_Ip_Divider.o
 .ARM.attributes
                0x000001b0       0x34 ./RTD/src/Clock_Ip_DividerTrigger.o
 .ARM.attributes
                0x000001e4       0x34 ./RTD/src/Clock_Ip_ExtOsc.o
 .ARM.attributes
                0x00000218       0x34 ./RTD/src/Clock_Ip_FracDiv.o
 .ARM.attributes
                0x0000024c       0x34 ./RTD/src/Clock_Ip_Frequency.o
 .ARM.attributes
                0x00000280       0x34 ./RTD/src/Clock_Ip_Gate.o
 .ARM.attributes
                0x000002b4       0x34 ./RTD/src/Clock_Ip_IntOsc.o
 .ARM.attributes
                0x000002e8       0x34 ./RTD/src/Clock_Ip_Irq.o
 .ARM.attributes
                0x0000031c       0x34 ./RTD/src/Clock_Ip_Monitor.o
 .ARM.attributes
                0x00000350       0x34 ./RTD/src/Clock_Ip_Pll.o
 .ARM.attributes
                0x00000384       0x34 ./RTD/src/Clock_Ip_ProgFreqSwitch.o
 .ARM.attributes
                0x000003b8       0x34 ./RTD/src/Clock_Ip_Selector.o
 .ARM.attributes
                0x000003ec       0x34 ./RTD/src/Clock_Ip_Specific.o
 .ARM.attributes
                0x00000420       0x34 ./RTD/src/Det.o
 .ARM.attributes
                0x00000454       0x34 ./RTD/src/Det_stub.o
 .ARM.attributes
                0x00000488       0x39 ./RTD/src/Igf_Port_Ip.o
 .ARM.attributes
                0x000004c1       0x34 ./RTD/src/IntCtrl_Ip.o
 .ARM.attributes
                0x000004f5       0x39 ./RTD/src/OsIf_Interrupts.o
 .ARM.attributes
                0x0000052e       0x34 ./RTD/src/OsIf_Timer.o
 .ARM.attributes
                0x00000562       0x39 ./RTD/src/OsIf_Timer_System.o
 .ARM.attributes
                0x0000059b       0x34 ./RTD/src/OsIf_Timer_System_Internal_Systick.o
 .ARM.attributes
                0x000005cf       0x34 ./RTD/src/SchM_Dio.o
 .ARM.attributes
                0x00000603       0x34 ./RTD/src/SchM_Mcu.o
 .ARM.attributes
                0x00000637       0x34 ./RTD/src/SchM_Port.o
 .ARM.attributes
                0x0000066b       0x34 ./RTD/src/Siul2_Dio_Ip.o
 .ARM.attributes
                0x0000069f       0x34 ./RTD/src/Siul2_Port_Ip.o
 .ARM.attributes
                0x000006d3       0x34 ./RTD/src/Tspc_Port_Ip.o
 .ARM.attributes
                0x00000707       0x39 ./board/Siul2_Port_Ip_Cfg.o
 .ARM.attributes
                0x00000740       0x39 ./board/Tspc_Port_Ip_Cfg.o
 .ARM.attributes
                0x00000779       0x39 ./generate/src/Clock_Ip_Cfg.o
 .ARM.attributes
                0x000007b2       0x39 ./generate/src/Igf_Port_Ip_Cfg.o
 .ARM.attributes
                0x000007eb       0x39 ./generate/src/IntCtrl_Ip_Cfg.o
 .ARM.attributes
                0x00000824       0x39 ./generate/src/OsIf_Cfg.o
 .ARM.attributes
                0x0000085d       0x34 ./src/delay.o
 .ARM.attributes
                0x00000891       0x34 ./src/main.o
 .ARM.attributes
                0x000008c5       0x34 d:/nxp/s32ds.3.5/s32ds/build_tools/gcc_v10.2/gcc-10.2-arm32-eabi/bin/../lib/gcc/arm-none-eabi/10.2.0/../../../../arm-none-eabi/lib/thumb/v7e-m+fp/hard\libc_nano.a(lib_a-memmove.o)
 .ARM.attributes
                0x000008f9       0x34 d:/nxp/s32ds.3.5/s32ds/build_tools/gcc_v10.2/gcc-10.2-arm32-eabi/bin/../lib/gcc/arm-none-eabi/10.2.0/../../../../arm-none-eabi/lib/thumb/v7e-m+fp/hard\libc_nano.a(lib_a-memset.o)

.comment        0x00000000       0x88
 .comment       0x00000000       0x88 ./Project_Settings/Startup_Code/exceptions.o
                                 0x89 (size before relaxing)
 .comment       0x00000088       0x89 ./Project_Settings/Startup_Code/nvic.o
 .comment       0x00000088       0x89 ./Project_Settings/Startup_Code/startup.o
 .comment       0x00000088       0x89 ./Project_Settings/Startup_Code/system.o
 .comment       0x00000088       0x89 ./RTD/src/Clock_Ip.o
 .comment       0x00000088       0x89 ./RTD/src/Clock_Ip_Data.o
 .comment       0x00000088       0x89 ./RTD/src/Clock_Ip_Divider.o
 .comment       0x00000088       0x89 ./RTD/src/Clock_Ip_DividerTrigger.o
 .comment       0x00000088       0x89 ./RTD/src/Clock_Ip_ExtOsc.o
 .comment       0x00000088       0x89 ./RTD/src/Clock_Ip_FracDiv.o
 .comment       0x00000088       0x89 ./RTD/src/Clock_Ip_Frequency.o
 .comment       0x00000088       0x89 ./RTD/src/Clock_Ip_Gate.o
 .comment       0x00000088       0x89 ./RTD/src/Clock_Ip_IntOsc.o
 .comment       0x00000088       0x89 ./RTD/src/Clock_Ip_Irq.o
 .comment       0x00000088       0x89 ./RTD/src/Clock_Ip_Monitor.o
 .comment       0x00000088       0x89 ./RTD/src/Clock_Ip_Pll.o
 .comment       0x00000088       0x89 ./RTD/src/Clock_Ip_ProgFreqSwitch.o
 .comment       0x00000088       0x89 ./RTD/src/Clock_Ip_Selector.o
 .comment       0x00000088       0x89 ./RTD/src/Clock_Ip_Specific.o
 .comment       0x00000088       0x89 ./RTD/src/Det.o
 .comment       0x00000088       0x89 ./RTD/src/Det_stub.o
 .comment       0x00000088       0x89 ./RTD/src/Igf_Port_Ip.o
 .comment       0x00000088       0x89 ./RTD/src/IntCtrl_Ip.o
 .comment       0x00000088       0x89 ./RTD/src/OsIf_Interrupts.o
 .comment       0x00000088       0x89 ./RTD/src/OsIf_Timer.o
 .comment       0x00000088       0x89 ./RTD/src/OsIf_Timer_System.o
 .comment       0x00000088       0x89 ./RTD/src/OsIf_Timer_System_Internal_Systick.o
 .comment       0x00000088       0x89 ./RTD/src/SchM_Dio.o
 .comment       0x00000088       0x89 ./RTD/src/SchM_Mcu.o
 .comment       0x00000088       0x89 ./RTD/src/SchM_Port.o
 .comment       0x00000088       0x89 ./RTD/src/Siul2_Dio_Ip.o
 .comment       0x00000088       0x89 ./RTD/src/Siul2_Port_Ip.o
 .comment       0x00000088       0x89 ./RTD/src/Tspc_Port_Ip.o
 .comment       0x00000088       0x89 ./board/Siul2_Port_Ip_Cfg.o
 .comment       0x00000088       0x89 ./board/Tspc_Port_Ip_Cfg.o
 .comment       0x00000088       0x89 ./generate/src/Clock_Ip_Cfg.o
 .comment       0x00000088       0x89 ./generate/src/Igf_Port_Ip_Cfg.o
 .comment       0x00000088       0x89 ./generate/src/IntCtrl_Ip_Cfg.o
 .comment       0x00000088       0x89 ./generate/src/OsIf_Cfg.o
 .comment       0x00000088       0x89 ./src/delay.o
 .comment       0x00000088       0x89 ./src/main.o
 .comment       0x00000088       0x89 d:/nxp/s32ds.3.5/s32ds/build_tools/gcc_v10.2/gcc-10.2-arm32-eabi/bin/../lib/gcc/arm-none-eabi/10.2.0/../../../../arm-none-eabi/lib/thumb/v7e-m+fp/hard\libc_nano.a(lib_a-memmove.o)
 .comment       0x00000088       0x89 d:/nxp/s32ds.3.5/s32ds/build_tools/gcc_v10.2/gcc-10.2-arm32-eabi/bin/../lib/gcc/arm-none-eabi/10.2.0/../../../../arm-none-eabi/lib/thumb/v7e-m+fp/hard\libc_nano.a(lib_a-memset.o)

.debug_info     0x00000000    0x215c3
 .debug_info    0x00000000      0x139 ./Project_Settings/Startup_Code/exceptions.o
 .debug_info    0x00000139      0x76a ./Project_Settings/Startup_Code/nvic.o
 .debug_info    0x000008a3      0x36f ./Project_Settings/Startup_Code/startup.o
 .debug_info    0x00000c12       0x22 ./Project_Settings/Startup_Code/startup_cm7.o
 .debug_info    0x00000c34      0xbb0 ./Project_Settings/Startup_Code/system.o
 .debug_info    0x000017e4     0x2015 ./RTD/src/Clock_Ip.o
 .debug_info    0x000037f9     0x1676 ./RTD/src/Clock_Ip_Data.o
 .debug_info    0x00004e6f      0xa42 ./RTD/src/Clock_Ip_Divider.o
 .debug_info    0x000058b1      0x820 ./RTD/src/Clock_Ip_DividerTrigger.o
 .debug_info    0x000060d1      0xafa ./RTD/src/Clock_Ip_ExtOsc.o
 .debug_info    0x00006bcb      0x5e3 ./RTD/src/Clock_Ip_FracDiv.o
 .debug_info    0x000071ae     0x3187 ./RTD/src/Clock_Ip_Frequency.o
 .debug_info    0x0000a335      0xa04 ./RTD/src/Clock_Ip_Gate.o
 .debug_info    0x0000ad39      0xd4f ./RTD/src/Clock_Ip_IntOsc.o
 .debug_info    0x0000ba88       0xb2 ./RTD/src/Clock_Ip_Irq.o
 .debug_info    0x0000bb3a     0x13ab ./RTD/src/Clock_Ip_Monitor.o
 .debug_info    0x0000cee5      0xaef ./RTD/src/Clock_Ip_Pll.o
 .debug_info    0x0000d9d4      0xfc0 ./RTD/src/Clock_Ip_ProgFreqSwitch.o
 .debug_info    0x0000e994     0x1067 ./RTD/src/Clock_Ip_Selector.o
 .debug_info    0x0000f9fb     0x18d5 ./RTD/src/Clock_Ip_Specific.o
 .debug_info    0x000112d0      0x420 ./RTD/src/Det.o
 .debug_info    0x000116f0      0x471 ./RTD/src/Det_stub.o
 .debug_info    0x00011b61       0x7d ./RTD/src/Igf_Port_Ip.o
 .debug_info    0x00011bde     0x196a ./RTD/src/IntCtrl_Ip.o
 .debug_info    0x00013548       0x7d ./RTD/src/OsIf_Interrupts.o
 .debug_info    0x000135c5      0x2c7 ./RTD/src/OsIf_Timer.o
 .debug_info    0x0001388c       0x7d ./RTD/src/OsIf_Timer_System.o
 .debug_info    0x00013909      0x196 ./RTD/src/OsIf_Timer_System_Internal_Systick.o
 .debug_info    0x00013a9f      0x2ce ./RTD/src/SchM_Dio.o
 .debug_info    0x00013d6d      0x39b ./RTD/src/SchM_Mcu.o
 .debug_info    0x00014108     0x17a0 ./RTD/src/SchM_Port.o
 .debug_info    0x000158a8     0x240e ./RTD/src/Siul2_Dio_Ip.o
 .debug_info    0x00017cb6     0x3000 ./RTD/src/Siul2_Port_Ip.o
 .debug_info    0x0001acb6      0x347 ./RTD/src/Tspc_Port_Ip.o
 .debug_info    0x0001affd     0x22f4 ./board/Siul2_Port_Ip_Cfg.o
 .debug_info    0x0001d2f1       0x7d ./board/Tspc_Port_Ip_Cfg.o
 .debug_info    0x0001d36e      0xe14 ./generate/src/Clock_Ip_Cfg.o
 .debug_info    0x0001e182       0x7d ./generate/src/Igf_Port_Ip_Cfg.o
 .debug_info    0x0001e1ff       0x7d ./generate/src/IntCtrl_Ip_Cfg.o
 .debug_info    0x0001e27c       0x7d ./generate/src/OsIf_Cfg.o
 .debug_info    0x0001e2f9      0x28d ./src/delay.o
 .debug_info    0x0001e586     0x303d ./src/main.o

.debug_abbrev   0x00000000     0x3ecb
 .debug_abbrev  0x00000000       0x47 ./Project_Settings/Startup_Code/exceptions.o
 .debug_abbrev  0x00000047      0x102 ./Project_Settings/Startup_Code/nvic.o
 .debug_abbrev  0x00000149      0x119 ./Project_Settings/Startup_Code/startup.o
 .debug_abbrev  0x00000262       0x12 ./Project_Settings/Startup_Code/startup_cm7.o
 .debug_abbrev  0x00000274      0x229 ./Project_Settings/Startup_Code/system.o
 .debug_abbrev  0x0000049d      0x39d ./RTD/src/Clock_Ip.o
 .debug_abbrev  0x0000083a      0x14c ./RTD/src/Clock_Ip_Data.o
 .debug_abbrev  0x00000986      0x21e ./RTD/src/Clock_Ip_Divider.o
 .debug_abbrev  0x00000ba4      0x1b0 ./RTD/src/Clock_Ip_DividerTrigger.o
 .debug_abbrev  0x00000d54      0x291 ./RTD/src/Clock_Ip_ExtOsc.o
 .debug_abbrev  0x00000fe5      0x163 ./RTD/src/Clock_Ip_FracDiv.o
 .debug_abbrev  0x00001148      0x2d0 ./RTD/src/Clock_Ip_Frequency.o
 .debug_abbrev  0x00001418      0x1ac ./RTD/src/Clock_Ip_Gate.o
 .debug_abbrev  0x000015c4      0x25d ./RTD/src/Clock_Ip_IntOsc.o
 .debug_abbrev  0x00001821       0x6a ./RTD/src/Clock_Ip_Irq.o
 .debug_abbrev  0x0000188b      0x27d ./RTD/src/Clock_Ip_Monitor.o
 .debug_abbrev  0x00001b08      0x231 ./RTD/src/Clock_Ip_Pll.o
 .debug_abbrev  0x00001d39      0x1aa ./RTD/src/Clock_Ip_ProgFreqSwitch.o
 .debug_abbrev  0x00001ee3      0x2f8 ./RTD/src/Clock_Ip_Selector.o
 .debug_abbrev  0x000021db      0x31b ./RTD/src/Clock_Ip_Specific.o
 .debug_abbrev  0x000024f6      0x14e ./RTD/src/Det.o
 .debug_abbrev  0x00002644       0xc5 ./RTD/src/Det_stub.o
 .debug_abbrev  0x00002709       0x29 ./RTD/src/Igf_Port_Ip.o
 .debug_abbrev  0x00002732      0x2e1 ./RTD/src/IntCtrl_Ip.o
 .debug_abbrev  0x00002a13       0x29 ./RTD/src/OsIf_Interrupts.o
 .debug_abbrev  0x00002a3c      0x1a7 ./RTD/src/OsIf_Timer.o
 .debug_abbrev  0x00002be3       0x29 ./RTD/src/OsIf_Timer_System.o
 .debug_abbrev  0x00002c0c      0x125 ./RTD/src/OsIf_Timer_System_Internal_Systick.o
 .debug_abbrev  0x00002d31      0x124 ./RTD/src/SchM_Dio.o
 .debug_abbrev  0x00002e55      0x124 ./RTD/src/SchM_Mcu.o
 .debug_abbrev  0x00002f79      0x124 ./RTD/src/SchM_Port.o
 .debug_abbrev  0x0000309d      0x298 ./RTD/src/Siul2_Dio_Ip.o
 .debug_abbrev  0x00003335      0x385 ./RTD/src/Siul2_Port_Ip.o
 .debug_abbrev  0x000036ba      0x185 ./RTD/src/Tspc_Port_Ip.o
 .debug_abbrev  0x0000383f      0x146 ./board/Siul2_Port_Ip_Cfg.o
 .debug_abbrev  0x00003985       0x29 ./board/Tspc_Port_Ip_Cfg.o
 .debug_abbrev  0x000039ae      0x103 ./generate/src/Clock_Ip_Cfg.o
 .debug_abbrev  0x00003ab1       0x29 ./generate/src/Igf_Port_Ip_Cfg.o
 .debug_abbrev  0x00003ada       0x29 ./generate/src/IntCtrl_Ip_Cfg.o
 .debug_abbrev  0x00003b03       0x29 ./generate/src/OsIf_Cfg.o
 .debug_abbrev  0x00003b2c      0x188 ./src/delay.o
 .debug_abbrev  0x00003cb4      0x217 ./src/main.o

.debug_aranges  0x00000000     0x1018
 .debug_aranges
                0x00000000       0x68 ./Project_Settings/Startup_Code/exceptions.o
 .debug_aranges
                0x00000068       0x38 ./Project_Settings/Startup_Code/nvic.o
 .debug_aranges
                0x000000a0       0x28 ./Project_Settings/Startup_Code/startup.o
 .debug_aranges
                0x000000c8       0x28 ./Project_Settings/Startup_Code/startup_cm7.o
 .debug_aranges
                0x000000f0       0x38 ./Project_Settings/Startup_Code/system.o
 .debug_aranges
                0x00000128       0xa0 ./RTD/src/Clock_Ip.o
 .debug_aranges
                0x000001c8       0x18 ./RTD/src/Clock_Ip_Data.o
 .debug_aranges
                0x000001e0       0x38 ./RTD/src/Clock_Ip_Divider.o
 .debug_aranges
                0x00000218       0x30 ./RTD/src/Clock_Ip_DividerTrigger.o
 .debug_aranges
                0x00000248       0x60 ./RTD/src/Clock_Ip_ExtOsc.o
 .debug_aranges
                0x000002a8       0x28 ./RTD/src/Clock_Ip_FracDiv.o
 .debug_aranges
                0x000002d0      0x490 ./RTD/src/Clock_Ip_Frequency.o
 .debug_aranges
                0x00000760       0x38 ./RTD/src/Clock_Ip_Gate.o
 .debug_aranges
                0x00000798       0x60 ./RTD/src/Clock_Ip_IntOsc.o
 .debug_aranges
                0x000007f8       0x20 ./RTD/src/Clock_Ip_Irq.o
 .debug_aranges
                0x00000818       0x60 ./RTD/src/Clock_Ip_Monitor.o
 .debug_aranges
                0x00000878       0x50 ./RTD/src/Clock_Ip_Pll.o
 .debug_aranges
                0x000008c8       0x28 ./RTD/src/Clock_Ip_ProgFreqSwitch.o
 .debug_aranges
                0x000008f0       0x58 ./RTD/src/Clock_Ip_Selector.o
 .debug_aranges
                0x00000948       0x78 ./RTD/src/Clock_Ip_Specific.o
 .debug_aranges
                0x000009c0       0x38 ./RTD/src/Det.o
 .debug_aranges
                0x000009f8       0x48 ./RTD/src/Det_stub.o
 .debug_aranges
                0x00000a40       0x18 ./RTD/src/Igf_Port_Ip.o
 .debug_aranges
                0x00000a58       0xe8 ./RTD/src/IntCtrl_Ip.o
 .debug_aranges
                0x00000b40       0x18 ./RTD/src/OsIf_Interrupts.o
 .debug_aranges
                0x00000b58       0x40 ./RTD/src/OsIf_Timer.o
 .debug_aranges
                0x00000b98       0x18 ./RTD/src/OsIf_Timer_System.o
 .debug_aranges
                0x00000bb0       0x30 ./RTD/src/OsIf_Timer_System_Internal_Systick.o
 .debug_aranges
                0x00000be0       0x40 ./RTD/src/SchM_Dio.o
 .debug_aranges
                0x00000c20       0x50 ./RTD/src/SchM_Mcu.o
 .debug_aranges
                0x00000c70      0x1e0 ./RTD/src/SchM_Port.o
 .debug_aranges
                0x00000e50       0x70 ./RTD/src/Siul2_Dio_Ip.o
 .debug_aranges
                0x00000ec0       0x60 ./RTD/src/Siul2_Port_Ip.o
 .debug_aranges
                0x00000f20       0x28 ./RTD/src/Tspc_Port_Ip.o
 .debug_aranges
                0x00000f48       0x18 ./board/Siul2_Port_Ip_Cfg.o
 .debug_aranges
                0x00000f60       0x18 ./board/Tspc_Port_Ip_Cfg.o
 .debug_aranges
                0x00000f78       0x18 ./generate/src/Clock_Ip_Cfg.o
 .debug_aranges
                0x00000f90       0x18 ./generate/src/Igf_Port_Ip_Cfg.o
 .debug_aranges
                0x00000fa8       0x18 ./generate/src/IntCtrl_Ip_Cfg.o
 .debug_aranges
                0x00000fc0       0x18 ./generate/src/OsIf_Cfg.o
 .debug_aranges
                0x00000fd8       0x20 ./src/delay.o
 .debug_aranges
                0x00000ff8       0x20 ./src/main.o

.debug_ranges   0x00000000      0xf30
 .debug_ranges  0x00000000       0x58 ./Project_Settings/Startup_Code/exceptions.o
 .debug_ranges  0x00000058       0x28 ./Project_Settings/Startup_Code/nvic.o
 .debug_ranges  0x00000080       0x18 ./Project_Settings/Startup_Code/startup.o
 .debug_ranges  0x00000098       0x20 ./Project_Settings/Startup_Code/startup_cm7.o
 .debug_ranges  0x000000b8       0x78 ./Project_Settings/Startup_Code/system.o
 .debug_ranges  0x00000130      0x118 ./RTD/src/Clock_Ip.o
 .debug_ranges  0x00000248       0x28 ./RTD/src/Clock_Ip_Divider.o
 .debug_ranges  0x00000270       0x20 ./RTD/src/Clock_Ip_DividerTrigger.o
 .debug_ranges  0x00000290       0x50 ./RTD/src/Clock_Ip_ExtOsc.o
 .debug_ranges  0x000002e0       0x18 ./RTD/src/Clock_Ip_FracDiv.o
 .debug_ranges  0x000002f8      0x4b0 ./RTD/src/Clock_Ip_Frequency.o
 .debug_ranges  0x000007a8       0x28 ./RTD/src/Clock_Ip_Gate.o
 .debug_ranges  0x000007d0       0x50 ./RTD/src/Clock_Ip_IntOsc.o
 .debug_ranges  0x00000820       0x10 ./RTD/src/Clock_Ip_Irq.o
 .debug_ranges  0x00000830       0x50 ./RTD/src/Clock_Ip_Monitor.o
 .debug_ranges  0x00000880       0x40 ./RTD/src/Clock_Ip_Pll.o
 .debug_ranges  0x000008c0       0x18 ./RTD/src/Clock_Ip_ProgFreqSwitch.o
 .debug_ranges  0x000008d8       0x78 ./RTD/src/Clock_Ip_Selector.o
 .debug_ranges  0x00000950       0x80 ./RTD/src/Clock_Ip_Specific.o
 .debug_ranges  0x000009d0       0x28 ./RTD/src/Det.o
 .debug_ranges  0x000009f8       0x38 ./RTD/src/Det_stub.o
 .debug_ranges  0x00000a30      0x120 ./RTD/src/IntCtrl_Ip.o
 .debug_ranges  0x00000b50       0x30 ./RTD/src/OsIf_Timer.o
 .debug_ranges  0x00000b80       0x20 ./RTD/src/OsIf_Timer_System_Internal_Systick.o
 .debug_ranges  0x00000ba0       0x30 ./RTD/src/SchM_Dio.o
 .debug_ranges  0x00000bd0       0x40 ./RTD/src/SchM_Mcu.o
 .debug_ranges  0x00000c10      0x1d0 ./RTD/src/SchM_Port.o
 .debug_ranges  0x00000de0       0x60 ./RTD/src/Siul2_Dio_Ip.o
 .debug_ranges  0x00000e40       0x80 ./RTD/src/Siul2_Port_Ip.o
 .debug_ranges  0x00000ec0       0x48 ./RTD/src/Tspc_Port_Ip.o
 .debug_ranges  0x00000f08       0x28 ./src/main.o

.debug_macro    0x00000000    0x555d7
 .debug_macro   0x00000000      0x164 ./Project_Settings/Startup_Code/exceptions.o
 .debug_macro   0x00000164      0xa9c ./Project_Settings/Startup_Code/exceptions.o
 .debug_macro   0x00000c00       0x22 ./Project_Settings/Startup_Code/exceptions.o
 .debug_macro   0x00000c22       0x56 ./Project_Settings/Startup_Code/exceptions.o
 .debug_macro   0x00000c78       0x51 ./Project_Settings/Startup_Code/exceptions.o
 .debug_macro   0x00000cc9      0x103 ./Project_Settings/Startup_Code/exceptions.o
 .debug_macro   0x00000dcc       0x6a ./Project_Settings/Startup_Code/exceptions.o
 .debug_macro   0x00000e36      0x1df ./Project_Settings/Startup_Code/exceptions.o
 .debug_macro   0x00001015       0x22 ./Project_Settings/Startup_Code/exceptions.o
 .debug_macro   0x00001037      0x16d ./Project_Settings/Startup_Code/exceptions.o
 .debug_macro   0x000011a4       0x82 ./Project_Settings/Startup_Code/exceptions.o
 .debug_macro   0x00001226      0x97b ./Project_Settings/Startup_Code/exceptions.o
 .debug_macro   0x00001ba1       0x3a ./Project_Settings/Startup_Code/exceptions.o
 .debug_macro   0x00001bdb       0xcc ./Project_Settings/Startup_Code/exceptions.o
 .debug_macro   0x00001ca7       0x6e ./Project_Settings/Startup_Code/exceptions.o
 .debug_macro   0x00001d15       0x94 ./Project_Settings/Startup_Code/exceptions.o
 .debug_macro   0x00001da9       0xc8 ./Project_Settings/Startup_Code/exceptions.o
 .debug_macro   0x00001e71      0x11e ./Project_Settings/Startup_Code/exceptions.o
 .debug_macro   0x00001f8f       0x52 ./Project_Settings/Startup_Code/exceptions.o
 .debug_macro   0x00001fe1       0x16 ./Project_Settings/Startup_Code/exceptions.o
 .debug_macro   0x00001ff7       0x7c ./Project_Settings/Startup_Code/exceptions.o
 .debug_macro   0x00002073      0x130 ./Project_Settings/Startup_Code/exceptions.o
 .debug_macro   0x000021a3       0x6a ./Project_Settings/Startup_Code/exceptions.o
 .debug_macro   0x0000220d       0x58 ./Project_Settings/Startup_Code/exceptions.o
 .debug_macro   0x00002265       0x57 ./Project_Settings/Startup_Code/exceptions.o
 .debug_macro   0x000022bc       0x50 ./Project_Settings/Startup_Code/exceptions.o
 .debug_macro   0x0000230c       0x50 ./Project_Settings/Startup_Code/exceptions.o
 .debug_macro   0x0000235c      0x3c8 ./Project_Settings/Startup_Code/nvic.o
 .debug_macro   0x00002724     0x51e9 ./Project_Settings/Startup_Code/nvic.o
 .debug_macro   0x0000790d      0xa20 ./Project_Settings/Startup_Code/nvic.o
 .debug_macro   0x0000832d     0x10a6 ./Project_Settings/Startup_Code/nvic.o
 .debug_macro   0x000093d3      0x180 ./Project_Settings/Startup_Code/nvic.o
 .debug_macro   0x00009553       0xf8 ./Project_Settings/Startup_Code/nvic.o
 .debug_macro   0x0000964b      0x370 ./Project_Settings/Startup_Code/nvic.o
 .debug_macro   0x000099bb      0x158 ./Project_Settings/Startup_Code/nvic.o
 .debug_macro   0x00009b13      0xd4e ./Project_Settings/Startup_Code/nvic.o
 .debug_macro   0x0000a861     0x2311 ./Project_Settings/Startup_Code/nvic.o
 .debug_macro   0x0000cb72      0x2ea ./Project_Settings/Startup_Code/nvic.o
 .debug_macro   0x0000ce5c       0x8e ./Project_Settings/Startup_Code/nvic.o
 .debug_macro   0x0000ceea     0xd22d ./Project_Settings/Startup_Code/nvic.o
 .debug_macro   0x0001a117      0xe49 ./Project_Settings/Startup_Code/nvic.o
 .debug_macro   0x0001af60     0x7375 ./Project_Settings/Startup_Code/nvic.o
 .debug_macro   0x000222d5      0xbaa ./Project_Settings/Startup_Code/nvic.o
 .debug_macro   0x00022e7f      0xd69 ./Project_Settings/Startup_Code/nvic.o
 .debug_macro   0x00023be8      0xb4d ./Project_Settings/Startup_Code/nvic.o
 .debug_macro   0x00024735       0x5c ./Project_Settings/Startup_Code/nvic.o
 .debug_macro   0x00024791      0xad5 ./Project_Settings/Startup_Code/nvic.o
 .debug_macro   0x00025266     0x1531 ./Project_Settings/Startup_Code/nvic.o
 .debug_macro   0x00026797      0x867 ./Project_Settings/Startup_Code/nvic.o
 .debug_macro   0x00026ffe       0xcc ./Project_Settings/Startup_Code/nvic.o
 .debug_macro   0x000270ca       0xd6 ./Project_Settings/Startup_Code/nvic.o
 .debug_macro   0x000271a0      0x105 ./Project_Settings/Startup_Code/nvic.o
 .debug_macro   0x000272a5      0x507 ./Project_Settings/Startup_Code/nvic.o
 .debug_macro   0x000277ac      0x779 ./Project_Settings/Startup_Code/nvic.o
 .debug_macro   0x00027f25      0xe1f ./Project_Settings/Startup_Code/nvic.o
 .debug_macro   0x00028d44      0x93f ./Project_Settings/Startup_Code/nvic.o
 .debug_macro   0x00029683      0xd53 ./Project_Settings/Startup_Code/nvic.o
 .debug_macro   0x0002a3d6      0x2ce ./Project_Settings/Startup_Code/nvic.o
 .debug_macro   0x0002a6a4     0x1095 ./Project_Settings/Startup_Code/nvic.o
 .debug_macro   0x0002b739     0x1fad ./Project_Settings/Startup_Code/nvic.o
 .debug_macro   0x0002d6e6      0x4f8 ./Project_Settings/Startup_Code/nvic.o
 .debug_macro   0x0002dbde      0x274 ./Project_Settings/Startup_Code/nvic.o
 .debug_macro   0x0002de52      0x9d3 ./Project_Settings/Startup_Code/nvic.o
 .debug_macro   0x0002e825     0x15b6 ./Project_Settings/Startup_Code/nvic.o
 .debug_macro   0x0002fddb      0x4b9 ./Project_Settings/Startup_Code/nvic.o
 .debug_macro   0x00030294      0x242 ./Project_Settings/Startup_Code/nvic.o
 .debug_macro   0x000304d6      0x20a ./Project_Settings/Startup_Code/nvic.o
 .debug_macro   0x000306e0      0x3f9 ./Project_Settings/Startup_Code/nvic.o
 .debug_macro   0x00030ad9       0x6a ./Project_Settings/Startup_Code/nvic.o
 .debug_macro   0x00030b43      0xc5d ./Project_Settings/Startup_Code/nvic.o
 .debug_macro   0x000317a0       0x47 ./Project_Settings/Startup_Code/nvic.o
 .debug_macro   0x000317e7      0x23b ./Project_Settings/Startup_Code/nvic.o
 .debug_macro   0x00031a22      0xb27 ./Project_Settings/Startup_Code/nvic.o
 .debug_macro   0x00032549      0x2d8 ./Project_Settings/Startup_Code/nvic.o
 .debug_macro   0x00032821       0x94 ./Project_Settings/Startup_Code/nvic.o
 .debug_macro   0x000328b5       0xf2 ./Project_Settings/Startup_Code/nvic.o
 .debug_macro   0x000329a7       0x5d ./Project_Settings/Startup_Code/nvic.o
 .debug_macro   0x00032a04     0x7bf9 ./Project_Settings/Startup_Code/nvic.o
 .debug_macro   0x0003a5fd      0xf35 ./Project_Settings/Startup_Code/nvic.o
 .debug_macro   0x0003b532       0xfe ./Project_Settings/Startup_Code/nvic.o
 .debug_macro   0x0003b630      0x2c8 ./Project_Settings/Startup_Code/nvic.o
 .debug_macro   0x0003b8f8       0x78 ./Project_Settings/Startup_Code/nvic.o
 .debug_macro   0x0003b970       0xb2 ./Project_Settings/Startup_Code/nvic.o
 .debug_macro   0x0003ba22      0x1cf ./Project_Settings/Startup_Code/nvic.o
 .debug_macro   0x0003bbf1      0x56e ./Project_Settings/Startup_Code/nvic.o
 .debug_macro   0x0003c15f      0x3f8 ./Project_Settings/Startup_Code/nvic.o
 .debug_macro   0x0003c557      0x338 ./Project_Settings/Startup_Code/nvic.o
 .debug_macro   0x0003c88f      0x4c8 ./Project_Settings/Startup_Code/nvic.o
 .debug_macro   0x0003cd57      0xc87 ./Project_Settings/Startup_Code/nvic.o
 .debug_macro   0x0003d9de     0x1b52 ./Project_Settings/Startup_Code/nvic.o
 .debug_macro   0x0003f530      0xcd9 ./Project_Settings/Startup_Code/nvic.o
 .debug_macro   0x00040209      0x136 ./Project_Settings/Startup_Code/nvic.o
 .debug_macro   0x0004033f      0x392 ./Project_Settings/Startup_Code/nvic.o
 .debug_macro   0x000406d1       0x2e ./Project_Settings/Startup_Code/nvic.o
 .debug_macro   0x000406ff       0xe8 ./Project_Settings/Startup_Code/startup.o
 .debug_macro   0x000407e7      0x226 ./Project_Settings/Startup_Code/system.o
 .debug_macro   0x00040a0d       0x52 ./Project_Settings/Startup_Code/system.o
 .debug_macro   0x00040a5f       0x50 ./Project_Settings/Startup_Code/system.o
 .debug_macro   0x00040aaf       0x50 ./Project_Settings/Startup_Code/system.o
 .debug_macro   0x00040aff      0x525 ./RTD/src/Clock_Ip.o
 .debug_macro   0x00041024     0x108f ./RTD/src/Clock_Ip.o
 .debug_macro   0x000420b3      0x517 ./RTD/src/Clock_Ip.o
 .debug_macro   0x000425ca       0x2e ./RTD/src/Clock_Ip.o
 .debug_macro   0x000425f8       0x4d ./RTD/src/Clock_Ip.o
 .debug_macro   0x00042645       0x50 ./RTD/src/Clock_Ip.o
 .debug_macro   0x00042695       0x50 ./RTD/src/Clock_Ip.o
 .debug_macro   0x000426e5       0x50 ./RTD/src/Clock_Ip.o
 .debug_macro   0x00042735       0x50 ./RTD/src/Clock_Ip.o
 .debug_macro   0x00042785       0x34 ./RTD/src/Clock_Ip.o
 .debug_macro   0x000427b9       0xdc ./RTD/src/Clock_Ip.o
 .debug_macro   0x00042895      0x170 ./RTD/src/Clock_Ip.o
 .debug_macro   0x00042a05       0x50 ./RTD/src/Clock_Ip.o
 .debug_macro   0x00042a55       0x50 ./RTD/src/Clock_Ip.o
 .debug_macro   0x00042aa5       0x50 ./RTD/src/Clock_Ip.o
 .debug_macro   0x00042af5       0x50 ./RTD/src/Clock_Ip.o
 .debug_macro   0x00042b45       0x50 ./RTD/src/Clock_Ip.o
 .debug_macro   0x00042b95       0x50 ./RTD/src/Clock_Ip.o
 .debug_macro   0x00042be5       0xa5 ./RTD/src/Clock_Ip.o
 .debug_macro   0x00042c8a       0x50 ./RTD/src/Clock_Ip.o
 .debug_macro   0x00042cda       0x50 ./RTD/src/Clock_Ip.o
 .debug_macro   0x00042d2a       0x50 ./RTD/src/Clock_Ip.o
 .debug_macro   0x00042d7a       0x50 ./RTD/src/Clock_Ip.o
 .debug_macro   0x00042dca       0x50 ./RTD/src/Clock_Ip.o
 .debug_macro   0x00042e1a       0x50 ./RTD/src/Clock_Ip.o
 .debug_macro   0x00042e6a       0x35 ./RTD/src/Clock_Ip.o
 .debug_macro   0x00042e9f       0x50 ./RTD/src/Clock_Ip.o
 .debug_macro   0x00042eef       0x50 ./RTD/src/Clock_Ip.o
 .debug_macro   0x00042f3f       0x50 ./RTD/src/Clock_Ip.o
 .debug_macro   0x00042f8f       0x50 ./RTD/src/Clock_Ip.o
 .debug_macro   0x00042fdf       0x50 ./RTD/src/Clock_Ip.o
 .debug_macro   0x0004302f       0x50 ./RTD/src/Clock_Ip.o
 .debug_macro   0x0004307f      0x948 ./RTD/src/Clock_Ip_Data.o
 .debug_macro   0x000439c7      0x448 ./RTD/src/Clock_Ip_Divider.o
 .debug_macro   0x00043e0f      0x446 ./RTD/src/Clock_Ip_DividerTrigger.o
 .debug_macro   0x00044255      0x448 ./RTD/src/Clock_Ip_ExtOsc.o
 .debug_macro   0x0004469d      0x446 ./RTD/src/Clock_Ip_FracDiv.o
 .debug_macro   0x00044ae3      0x523 ./RTD/src/Clock_Ip_Frequency.o
 .debug_macro   0x00045006       0x50 ./RTD/src/Clock_Ip_Frequency.o
 .debug_macro   0x00045056       0x50 ./RTD/src/Clock_Ip_Frequency.o
 .debug_macro   0x000450a6       0x50 ./RTD/src/Clock_Ip_Frequency.o
 .debug_macro   0x000450f6       0x50 ./RTD/src/Clock_Ip_Frequency.o
 .debug_macro   0x00045146      0x448 ./RTD/src/Clock_Ip_Gate.o
 .debug_macro   0x0004558e      0x456 ./RTD/src/Clock_Ip_IntOsc.o
 .debug_macro   0x000459e4      0x404 ./RTD/src/Clock_Ip_Irq.o
 .debug_macro   0x00045de8      0x4c3 ./RTD/src/Clock_Ip_Monitor.o
 .debug_macro   0x000462ab       0x3a ./RTD/src/Clock_Ip_Monitor.o
 .debug_macro   0x000462e5       0x50 ./RTD/src/Clock_Ip_Monitor.o
 .debug_macro   0x00046335       0x50 ./RTD/src/Clock_Ip_Monitor.o
 .debug_macro   0x00046385       0x50 ./RTD/src/Clock_Ip_Monitor.o
 .debug_macro   0x000463d5       0x50 ./RTD/src/Clock_Ip_Monitor.o
 .debug_macro   0x00046425      0x456 ./RTD/src/Clock_Ip_Pll.o
 .debug_macro   0x0004687b      0x4a6 ./RTD/src/Clock_Ip_ProgFreqSwitch.o
 .debug_macro   0x00046d21      0x448 ./RTD/src/Clock_Ip_Selector.o
 .debug_macro   0x00047169      0x564 ./RTD/src/Clock_Ip_Specific.o
 .debug_macro   0x000476cd       0x50 ./RTD/src/Clock_Ip_Specific.o
 .debug_macro   0x0004771d       0x50 ./RTD/src/Clock_Ip_Specific.o
 .debug_macro   0x0004776d       0x50 ./RTD/src/Clock_Ip_Specific.o
 .debug_macro   0x000477bd       0x50 ./RTD/src/Clock_Ip_Specific.o
 .debug_macro   0x0004780d      0x271 ./RTD/src/Det.o
 .debug_macro   0x00047a7e       0x40 ./RTD/src/Det.o
 .debug_macro   0x00047abe       0x50 ./RTD/src/Det.o
 .debug_macro   0x00047b0e       0x50 ./RTD/src/Det.o
 .debug_macro   0x00047b5e       0x50 ./RTD/src/Det.o
 .debug_macro   0x00047bae       0x50 ./RTD/src/Det.o
 .debug_macro   0x00047bfe       0x50 ./RTD/src/Det.o
 .debug_macro   0x00047c4e       0x50 ./RTD/src/Det.o
 .debug_macro   0x00047c9e      0x22a ./RTD/src/Det_stub.o
 .debug_macro   0x00047ec8      0x229 ./RTD/src/Igf_Port_Ip.o
 .debug_macro   0x000480f1       0x34 ./RTD/src/Igf_Port_Ip.o
 .debug_macro   0x00048125       0x34 ./RTD/src/Igf_Port_Ip.o
 .debug_macro   0x00048159     0x7bf3 ./RTD/src/Igf_Port_Ip.o
 .debug_macro   0x0004fd4c       0xf0 ./RTD/src/Igf_Port_Ip.o
 .debug_macro   0x0004fe3c       0x3a ./RTD/src/Igf_Port_Ip.o
 .debug_macro   0x0004fe76       0x6a ./RTD/src/Igf_Port_Ip.o
 .debug_macro   0x0004fee0       0x50 ./RTD/src/Igf_Port_Ip.o
 .debug_macro   0x0004ff30       0x50 ./RTD/src/Igf_Port_Ip.o
 .debug_macro   0x0004ff80       0x34 ./RTD/src/Igf_Port_Ip.o
 .debug_macro   0x0004ffb4       0x34 ./RTD/src/Igf_Port_Ip.o
 .debug_macro   0x0004ffe8       0x2e ./RTD/src/Igf_Port_Ip.o
 .debug_macro   0x00050016       0x3a ./RTD/src/Igf_Port_Ip.o
 .debug_macro   0x00050050      0x281 ./RTD/src/IntCtrl_Ip.o
 .debug_macro   0x000502d1       0x2e ./RTD/src/IntCtrl_Ip.o
 .debug_macro   0x000502ff     0x1b4c ./RTD/src/IntCtrl_Ip.o
 .debug_macro   0x00051e4b       0x8d ./RTD/src/IntCtrl_Ip.o
 .debug_macro   0x00051ed8       0x2e ./RTD/src/IntCtrl_Ip.o
 .debug_macro   0x00051f06       0x34 ./RTD/src/IntCtrl_Ip.o
 .debug_macro   0x00051f3a       0x50 ./RTD/src/IntCtrl_Ip.o
 .debug_macro   0x00051f8a       0x50 ./RTD/src/IntCtrl_Ip.o
 .debug_macro   0x00051fda       0x34 ./RTD/src/IntCtrl_Ip.o
 .debug_macro   0x0005200e      0x158 ./RTD/src/OsIf_Interrupts.o
 .debug_macro   0x00052166      0x220 ./RTD/src/OsIf_Timer.o
 .debug_macro   0x00052386       0x70 ./RTD/src/OsIf_Timer.o
 .debug_macro   0x000523f6      0x1b1 ./RTD/src/OsIf_Timer_System.o
 .debug_macro   0x000525a7       0x3a ./RTD/src/OsIf_Timer_System.o
 .debug_macro   0x000525e1      0x191 ./RTD/src/OsIf_Timer_System_Internal_Systick.o
 .debug_macro   0x00052772       0x34 ./RTD/src/OsIf_Timer_System_Internal_Systick.o
 .debug_macro   0x000527a6       0x3a ./RTD/src/OsIf_Timer_System_Internal_Systick.o
 .debug_macro   0x000527e0      0x22b ./RTD/src/SchM_Dio.o
 .debug_macro   0x00052a0b       0x3a ./RTD/src/SchM_Dio.o
 .debug_macro   0x00052a45       0x50 ./RTD/src/SchM_Dio.o
 .debug_macro   0x00052a95       0x50 ./RTD/src/SchM_Dio.o
 .debug_macro   0x00052ae5      0x22b ./RTD/src/SchM_Mcu.o
 .debug_macro   0x00052d10      0x22f ./RTD/src/SchM_Port.o
 .debug_macro   0x00052f3f      0x252 ./RTD/src/Siul2_Dio_Ip.o
 .debug_macro   0x00053191       0x8e ./RTD/src/Siul2_Dio_Ip.o
 .debug_macro   0x0005321f       0x74 ./RTD/src/Siul2_Dio_Ip.o
 .debug_macro   0x00053293       0x50 ./RTD/src/Siul2_Dio_Ip.o
 .debug_macro   0x000532e3       0x50 ./RTD/src/Siul2_Dio_Ip.o
 .debug_macro   0x00053333       0x50 ./RTD/src/Siul2_Dio_Ip.o
 .debug_macro   0x00053383       0x50 ./RTD/src/Siul2_Dio_Ip.o
 .debug_macro   0x000533d3      0x2d1 ./RTD/src/Siul2_Port_Ip.o
 .debug_macro   0x000536a4       0x97 ./RTD/src/Siul2_Port_Ip.o
 .debug_macro   0x0005373b       0x50 ./RTD/src/Siul2_Port_Ip.o
 .debug_macro   0x0005378b       0x50 ./RTD/src/Siul2_Port_Ip.o
 .debug_macro   0x000537db      0x1ff ./RTD/src/Siul2_Port_Ip.o
 .debug_macro   0x000539da       0x50 ./RTD/src/Siul2_Port_Ip.o
 .debug_macro   0x00053a2a       0x50 ./RTD/src/Siul2_Port_Ip.o
 .debug_macro   0x00053a7a       0x50 ./RTD/src/Siul2_Port_Ip.o
 .debug_macro   0x00053aca       0x50 ./RTD/src/Siul2_Port_Ip.o
 .debug_macro   0x00053b1a       0x50 ./RTD/src/Siul2_Port_Ip.o
 .debug_macro   0x00053b6a       0x50 ./RTD/src/Siul2_Port_Ip.o
 .debug_macro   0x00053bba      0x277 ./RTD/src/Tspc_Port_Ip.o
 .debug_macro   0x00053e31       0x34 ./RTD/src/Tspc_Port_Ip.o
 .debug_macro   0x00053e65      0x568 ./RTD/src/Tspc_Port_Ip.o
 .debug_macro   0x000543cd       0x34 ./RTD/src/Tspc_Port_Ip.o
 .debug_macro   0x00054401       0x3c ./RTD/src/Tspc_Port_Ip.o
 .debug_macro   0x0005443d      0x18c ./board/Siul2_Port_Ip_Cfg.o
 .debug_macro   0x000545c9      0x137 ./board/Tspc_Port_Ip_Cfg.o
 .debug_macro   0x00054700      0x40a ./generate/src/Clock_Ip_Cfg.o
 .debug_macro   0x00054b0a      0x206 ./generate/src/Igf_Port_Ip_Cfg.o
 .debug_macro   0x00054d10      0x189 ./generate/src/IntCtrl_Ip_Cfg.o
 .debug_macro   0x00054e99      0x182 ./generate/src/OsIf_Cfg.o
 .debug_macro   0x0005501b       0x5e ./generate/src/OsIf_Cfg.o
 .debug_macro   0x00055079       0xb5 ./src/delay.o
 .debug_macro   0x0005512e      0x3e1 ./src/main.o
 .debug_macro   0x0005550f       0x94 ./src/main.o
 .debug_macro   0x000555a3       0x34 ./src/main.o

.debug_line     0x00000000    0x14cf8
 .debug_line    0x00000000      0x58c ./Project_Settings/Startup_Code/exceptions.o
 .debug_line    0x0000058c      0x978 ./Project_Settings/Startup_Code/nvic.o
 .debug_line    0x00000f04      0x5b6 ./Project_Settings/Startup_Code/startup.o
 .debug_line    0x000014ba      0x13e ./Project_Settings/Startup_Code/startup_cm7.o
 .debug_line    0x000015f8      0x924 ./Project_Settings/Startup_Code/system.o
 .debug_line    0x00001f1c     0x1438 ./RTD/src/Clock_Ip.o
 .debug_line    0x00003354      0x5da ./RTD/src/Clock_Ip_Data.o
 .debug_line    0x0000392e      0x7b4 ./RTD/src/Clock_Ip_Divider.o
 .debug_line    0x000040e2      0x6f5 ./RTD/src/Clock_Ip_DividerTrigger.o
 .debug_line    0x000047d7      0x886 ./RTD/src/Clock_Ip_ExtOsc.o
 .debug_line    0x0000505d      0x601 ./RTD/src/Clock_Ip_FracDiv.o
 .debug_line    0x0000565e     0x20d1 ./RTD/src/Clock_Ip_Frequency.o
 .debug_line    0x0000772f      0x789 ./RTD/src/Clock_Ip_Gate.o
 .debug_line    0x00007eb8      0x760 ./RTD/src/Clock_Ip_IntOsc.o
 .debug_line    0x00008618      0x5ee ./RTD/src/Clock_Ip_Irq.o
 .debug_line    0x00008c06      0x91b ./RTD/src/Clock_Ip_Monitor.o
 .debug_line    0x00009521      0x832 ./RTD/src/Clock_Ip_Pll.o
 .debug_line    0x00009d53      0x812 ./RTD/src/Clock_Ip_ProgFreqSwitch.o
 .debug_line    0x0000a565      0xbae ./RTD/src/Clock_Ip_Selector.o
 .debug_line    0x0000b113      0xa6f ./RTD/src/Clock_Ip_Specific.o
 .debug_line    0x0000bb82      0x53c ./RTD/src/Det.o
 .debug_line    0x0000c0be      0x7a0 ./RTD/src/Det_stub.o
 .debug_line    0x0000c85e      0x54f ./RTD/src/Igf_Port_Ip.o
 .debug_line    0x0000cdad      0x9d5 ./RTD/src/IntCtrl_Ip.o
 .debug_line    0x0000d782      0x450 ./RTD/src/OsIf_Interrupts.o
 .debug_line    0x0000dbd2      0x4ef ./RTD/src/OsIf_Timer.o
 .debug_line    0x0000e0c1      0x4a5 ./RTD/src/OsIf_Timer_System.o
 .debug_line    0x0000e566      0x4d8 ./RTD/src/OsIf_Timer_System_Internal_Systick.o
 .debug_line    0x0000ea3e      0x5d3 ./RTD/src/SchM_Dio.o
 .debug_line    0x0000f011      0x65e ./RTD/src/SchM_Mcu.o
 .debug_line    0x0000f66f     0x13f3 ./RTD/src/SchM_Port.o
 .debug_line    0x00010a62      0x738 ./RTD/src/Siul2_Dio_Ip.o
 .debug_line    0x0001119a      0xc09 ./RTD/src/Siul2_Port_Ip.o
 .debug_line    0x00011da3      0x725 ./RTD/src/Tspc_Port_Ip.o
 .debug_line    0x000124c8      0x446 ./board/Siul2_Port_Ip_Cfg.o
 .debug_line    0x0001290e      0x3d6 ./board/Tspc_Port_Ip_Cfg.o
 .debug_line    0x00012ce4      0x5de ./generate/src/Clock_Ip_Cfg.o
 .debug_line    0x000132c2      0x539 ./generate/src/Igf_Port_Ip_Cfg.o
 .debug_line    0x000137fb      0x449 ./generate/src/IntCtrl_Ip_Cfg.o
 .debug_line    0x00013c44      0x459 ./generate/src/OsIf_Cfg.o
 .debug_line    0x0001409d      0x463 ./src/delay.o
 .debug_line    0x00014500      0x7f8 ./src/main.o

.debug_str      0x00000000   0x211ec5
 .debug_str     0x00000000     0x8095 ./Project_Settings/Startup_Code/exceptions.o
                               0x82a0 (size before relaxing)
 .debug_str     0x00008095   0x1f3548 ./Project_Settings/Startup_Code/nvic.o
                             0x1fa21f (size before relaxing)
 .debug_str     0x001fb5dd      0x11b ./Project_Settings/Startup_Code/startup.o
                               0x61f3 (size before relaxing)
 .debug_str     0x001fb6f8       0x3b ./Project_Settings/Startup_Code/startup_cm7.o
                                 0x61 (size before relaxing)
 .debug_str     0x001fb733      0x73c ./Project_Settings/Startup_Code/system.o
                              0x15449 (size before relaxing)
 .debug_str     0x001fbe6f     0x5105 ./RTD/src/Clock_Ip.o
                              0x3833c (size before relaxing)
 .debug_str     0x00200f74     0x20b0 ./RTD/src/Clock_Ip_Data.o
                              0x38d1e (size before relaxing)
 .debug_str     0x00203024      0x22c ./RTD/src/Clock_Ip_Divider.o
                              0x36f85 (size before relaxing)
 .debug_str     0x00203250      0x201 ./RTD/src/Clock_Ip_DividerTrigger.o
                              0x36f37 (size before relaxing)
 .debug_str     0x00203451      0x320 ./RTD/src/Clock_Ip_ExtOsc.o
                              0x37016 (size before relaxing)
 .debug_str     0x00203771      0x181 ./RTD/src/Clock_Ip_FracDiv.o
                              0x36c2b (size before relaxing)
 .debug_str     0x002038f2     0x1a3f ./RTD/src/Clock_Ip_Frequency.o
                              0x38ae8 (size before relaxing)
 .debug_str     0x00205331      0x21c ./RTD/src/Clock_Ip_Gate.o
                              0x36fb4 (size before relaxing)
 .debug_str     0x0020554d      0x286 ./RTD/src/Clock_Ip_IntOsc.o
                              0x37276 (size before relaxing)
 .debug_str     0x002057d3      0x154 ./RTD/src/Clock_Ip_Irq.o
                              0x363b2 (size before relaxing)
 .debug_str     0x00205927      0x787 ./RTD/src/Clock_Ip_Monitor.o
                              0x37a52 (size before relaxing)
 .debug_str     0x002060ae      0x2f8 ./RTD/src/Clock_Ip_Pll.o
                              0x37147 (size before relaxing)
 .debug_str     0x002063a6      0x2e8 ./RTD/src/Clock_Ip_ProgFreqSwitch.o
                              0x37383 (size before relaxing)
 .debug_str     0x0020668e      0x2bc ./RTD/src/Clock_Ip_Selector.o
                              0x3709e (size before relaxing)
 .debug_str     0x0020694a      0x453 ./RTD/src/Clock_Ip_Specific.o
                              0x37c45 (size before relaxing)
 .debug_str     0x00206d9d      0x5b1 ./RTD/src/Det.o
                               0x899b (size before relaxing)
 .debug_str     0x0020734e       0xc1 ./RTD/src/Det_stub.o
                               0x892d (size before relaxing)
 .debug_str     0x0020740f     0x1480 ./RTD/src/Igf_Port_Ip.o
                              0x580ee (size before relaxing)
 .debug_str     0x0020888f     0x1dc7 ./RTD/src/IntCtrl_Ip.o
                              0x209fa (size before relaxing)
 .debug_str     0x0020a656       0x30 ./RTD/src/OsIf_Interrupts.o
                               0x7a36 (size before relaxing)
 .debug_str     0x0020a686      0x412 ./RTD/src/OsIf_Timer.o
                               0x8827 (size before relaxing)
 .debug_str     0x0020aa98      0x14c ./RTD/src/OsIf_Timer_System.o
                               0x8713 (size before relaxing)
 .debug_str     0x0020abe4      0x66a ./RTD/src/OsIf_Timer_System_Internal_Systick.o
                               0x76b8 (size before relaxing)
 .debug_str     0x0020b24e      0x408 ./RTD/src/SchM_Dio.o
                               0x88c3 (size before relaxing)
 .debug_str     0x0020b656      0x243 ./RTD/src/SchM_Mcu.o
                               0x894a (size before relaxing)
 .debug_str     0x0020b899     0x106b ./RTD/src/SchM_Port.o
                               0x9730 (size before relaxing)
 .debug_str     0x0020c904     0x1cd5 ./RTD/src/Siul2_Dio_Ip.o
                              0x42550 (size before relaxing)
 .debug_str     0x0020e5d9     0x2954 ./RTD/src/Siul2_Port_Ip.o
                              0x5b6f0 (size before relaxing)
 .debug_str     0x00210f2d      0x5d9 ./RTD/src/Tspc_Port_Ip.o
                              0x5ab11 (size before relaxing)
 .debug_str     0x00211506      0x15c ./board/Siul2_Port_Ip_Cfg.o
                              0x57444 (size before relaxing)
 .debug_str     0x00211662      0x13b ./board/Tspc_Port_Ip_Cfg.o
                               0x8d39 (size before relaxing)
 .debug_str     0x0021179d      0x287 ./generate/src/Clock_Ip_Cfg.o
                              0x3717b (size before relaxing)
 .debug_str     0x00211a24      0x13a ./generate/src/Igf_Port_Ip_Cfg.o